0 verbose cli E:\node.exe E:\node_modules\npm\bin\npm-cli.js
1 info using npm@11.8.0
2 info using node@v24.13.1
3 silly config load:file:E:\node_modules\npm\npmrc
4 silly config load:file:E:\project\harithakarmasena\backend\.npmrc
5 silly config load:file:C:\Users\amrut\.npmrc
6 silly config load:file:C:\Users\amrut\AppData\Roaming\npm\etc\npmrc
7 verbose title npm install express mongoose bcrypt jsonwebtoken dotenv cors
8 verbose argv "install" "express" "mongoose" "bcrypt" "jsonwebtoken" "dotenv" "cors" "--cache" ".npm-cache"
9 verbose logfile logs-max:10 dir:E:\project\harithakarmasena\backend\.npm-cache\_logs\2026-02-24T05_00_45_198Z-
10 verbose logfile E:\project\harithakarmasena\backend\.npm-cache\_logs\2026-02-24T05_00_45_198Z-debug-0.log
11 silly logfile done cleaning log files
12 silly packumentCache heap:2348810240 maxSize:587202560 maxEntrySize:293601280
13 silly idealTree buildDeps
14 silly fetch manifest express@*
15 silly packumentCache full:https://registry.npmjs.org/express cache-miss
16 http fetch GET 200 https://registry.npmjs.org/npm 288ms
17 http fetch GET 200 https://registry.npmjs.org/express 394ms (cache miss)
18 silly packumentCache full:https://registry.npmjs.org/express set size:undefined disposed:false
19 silly fetch manifest mongoose@*
20 silly packumentCache full:https://registry.npmjs.org/mongoose cache-miss
21 http fetch GET 200 https://registry.npmjs.org/mongoose 643ms (cache miss)
22 silly packumentCache full:https://registry.npmjs.org/mongoose set size:undefined disposed:false
23 silly fetch manifest bcrypt@*
24 silly packumentCache full:https://registry.npmjs.org/bcrypt cache-miss
25 http fetch GET 200 https://registry.npmjs.org/bcrypt 105ms (cache miss)
26 silly packumentCache full:https://registry.npmjs.org/bcrypt set size:undefined disposed:false
27 silly fetch manifest jsonwebtoken@*
28 silly packumentCache full:https://registry.npmjs.org/jsonwebtoken cache-miss
29 http fetch GET 200 https://registry.npmjs.org/jsonwebtoken 392ms (cache miss)
30 silly packumentCache full:https://registry.npmjs.org/jsonwebtoken set size:undefined disposed:false
31 silly fetch manifest dotenv@*
32 silly packumentCache full:https://registry.npmjs.org/dotenv cache-miss
33 http fetch GET 200 https://registry.npmjs.org/dotenv 277ms (cache miss)
34 silly packumentCache full:https://registry.npmjs.org/dotenv set size:undefined disposed:false
35 silly fetch manifest cors@*
36 silly packumentCache full:https://registry.npmjs.org/cors cache-miss
37 http fetch GET 200 https://registry.npmjs.org/cors 376ms (cache miss)
38 silly packumentCache full:https://registry.npmjs.org/cors set size:undefined disposed:false
39 silly placeDep ROOT bcrypt@6.0.0 OK for: backend@1.0.0 want: *
40 silly placeDep ROOT cors@2.8.6 OK for: backend@1.0.0 want: *
41 silly placeDep ROOT dotenv@17.3.1 OK for: backend@1.0.0 want: *
42 silly placeDep ROOT express@5.2.1 OK for: backend@1.0.0 want: *
43 silly placeDep ROOT jsonwebtoken@9.0.3 OK for: backend@1.0.0 want: *
44 silly placeDep ROOT mongoose@9.2.2 OK for: backend@1.0.0 want: *
45 silly fetch manifest node-addon-api@^8.3.0
46 silly packumentCache full:https://registry.npmjs.org/node-addon-api cache-miss
47 silly fetch manifest node-gyp-build@^4.8.4
48 silly packumentCache full:https://registry.npmjs.org/node-gyp-build cache-miss
49 silly fetch manifest object-assign@^4
50 silly packumentCache full:https://registry.npmjs.org/object-assign cache-miss
51 silly fetch manifest vary@^1
52 silly packumentCache full:https://registry.npmjs.org/vary cache-miss
53 silly fetch manifest qs@^6.14.0
54 silly packumentCache full:https://registry.npmjs.org/qs cache-miss
55 silly fetch manifest depd@^2.0.0
56 silly packumentCache full:https://registry.npmjs.org/depd cache-miss
57 silly fetch manifest etag@^1.8.1
58 silly packumentCache full:https://registry.npmjs.org/etag cache-miss
59 http fetch GET 200 https://registry.npmjs.org/node-addon-api 151ms (cache miss)
60 silly packumentCache full:https://registry.npmjs.org/node-addon-api set size:undefined disposed:false
61 silly fetch manifest once@^1.4.0
62 silly packumentCache full:https://registry.npmjs.org/once cache-miss
63 http fetch GET 200 https://registry.npmjs.org/once 85ms (cache miss)
64 silly packumentCache full:https://registry.npmjs.org/once set size:undefined disposed:false
65 silly fetch manifest send@^1.1.0
66 silly packumentCache full:https://registry.npmjs.org/send cache-miss
67 http fetch GET 200 https://registry.npmjs.org/vary 317ms (cache miss)
68 silly packumentCache full:https://registry.npmjs.org/vary set size:undefined disposed:false
69 silly fetch manifest vary@^1.1.2
70 silly packumentCache full:https://registry.npmjs.org/vary cache-miss
71 http cache https://registry.npmjs.org/vary 19ms (cache hit)
72 silly packumentCache full:https://registry.npmjs.org/vary set size:16018 disposed:false
73 silly fetch manifest debug@^4.4.0
74 silly packumentCache full:https://registry.npmjs.org/debug cache-miss
75 http fetch GET 200 https://registry.npmjs.org/etag 347ms (cache miss)
76 silly packumentCache full:https://registry.npmjs.org/etag set size:undefined disposed:false
77 silly fetch manifest fresh@^2.0.0
78 silly packumentCache full:https://registry.npmjs.org/fresh cache-miss
79 http fetch GET 200 https://registry.npmjs.org/node-gyp-build 367ms (cache miss)
80 silly packumentCache full:https://registry.npmjs.org/node-gyp-build set size:undefined disposed:false
81 silly fetch manifest cookie@^0.7.1
82 silly packumentCache full:https://registry.npmjs.org/cookie cache-miss
83 http fetch GET 200 https://registry.npmjs.org/cookie 42ms (cache miss)
84 silly packumentCache full:https://registry.npmjs.org/cookie set size:undefined disposed:false
85 silly fetch manifest router@^2.2.0
86 silly packumentCache full:https://registry.npmjs.org/router cache-miss
87 http fetch GET 200 https://registry.npmjs.org/depd 438ms (cache miss)
88 silly packumentCache full:https://registry.npmjs.org/depd set size:undefined disposed:false
89 silly fetch manifest accepts@^2.0.0
90 silly packumentCache full:https://registry.npmjs.org/accepts cache-miss
91 http fetch GET 200 https://registry.npmjs.org/send 339ms (cache miss)
92 silly packumentCache full:https://registry.npmjs.org/send set size:undefined disposed:false
93 silly fetch manifest type-is@^2.0.1
94 silly packumentCache full:https://registry.npmjs.org/type-is cache-miss
95 http fetch GET 200 https://registry.npmjs.org/object-assign 610ms (cache miss)
96 silly packumentCache full:https://registry.npmjs.org/object-assign set size:undefined disposed:false
97 silly fetch manifest parseurl@^1.3.3
98 silly packumentCache full:https://registry.npmjs.org/parseurl cache-miss
99 http fetch GET 200 https://registry.npmjs.org/qs 621ms (cache miss)
100 silly packumentCache full:https://registry.npmjs.org/qs set size:undefined disposed:false
101 silly fetch manifest statuses@^2.0.1
102 silly packumentCache full:https://registry.npmjs.org/statuses cache-miss
103 http fetch GET 200 https://registry.npmjs.org/debug 346ms (cache miss)
104 silly packumentCache full:https://registry.npmjs.org/debug set size:undefined disposed:false
105 silly fetch manifest encodeurl@^2.0.0
106 silly packumentCache full:https://registry.npmjs.org/encodeurl cache-miss
107 http fetch GET 200 https://registry.npmjs.org/fresh 362ms (cache miss)
108 silly packumentCache full:https://registry.npmjs.org/fresh set size:undefined disposed:false
109 silly fetch manifest mime-types@^3.0.0
110 silly packumentCache full:https://registry.npmjs.org/mime-types cache-miss
111 http fetch GET 200 https://registry.npmjs.org/router 344ms (cache miss)
112 silly packumentCache full:https://registry.npmjs.org/router set size:undefined disposed:false
113 silly fetch manifest proxy-addr@^2.0.7
114 silly packumentCache full:https://registry.npmjs.org/proxy-addr cache-miss
115 http fetch GET 200 https://registry.npmjs.org/accepts 322ms (cache miss)
116 silly packumentCache full:https://registry.npmjs.org/accepts set size:undefined disposed:false
117 silly fetch manifest body-parser@^2.2.1
118 silly packumentCache full:https://registry.npmjs.org/body-parser cache-miss
119 http fetch GET 200 https://registry.npmjs.org/type-is 211ms (cache miss)
120 silly packumentCache full:https://registry.npmjs.org/type-is set size:undefined disposed:false
121 silly fetch manifest escape-html@^1.0.3
122 silly packumentCache full:https://registry.npmjs.org/escape-html cache-miss
123 http fetch GET 200 https://registry.npmjs.org/parseurl 196ms (cache miss)
124 silly packumentCache full:https://registry.npmjs.org/parseurl set size:undefined disposed:false
125 silly fetch manifest http-errors@^2.0.0
126 silly packumentCache full:https://registry.npmjs.org/http-errors cache-miss
127 http fetch GET 200 https://registry.npmjs.org/statuses 193ms (cache miss)
128 silly packumentCache full:https://registry.npmjs.org/statuses set size:undefined disposed:false
129 silly fetch manifest on-finished@^2.4.1
130 silly packumentCache full:https://registry.npmjs.org/on-finished cache-miss
131 http fetch GET 200 https://registry.npmjs.org/encodeurl 148ms (cache miss)
132 silly packumentCache full:https://registry.npmjs.org/encodeurl set size:undefined disposed:false
133 silly fetch manifest content-type@^1.0.5
134 silly packumentCache full:https://registry.npmjs.org/content-type cache-miss
135 http fetch GET 200 https://registry.npmjs.org/mime-types 158ms (cache miss)
136 silly packumentCache full:https://registry.npmjs.org/mime-types set size:undefined disposed:false
137 silly fetch manifest finalhandler@^2.1.0
138 silly packumentCache full:https://registry.npmjs.org/finalhandler cache-miss
139 http fetch GET 200 https://registry.npmjs.org/body-parser 151ms (cache miss)
140 silly packumentCache full:https://registry.npmjs.org/body-parser set size:undefined disposed:false
141 silly fetch manifest range-parser@^1.2.1
142 silly packumentCache full:https://registry.npmjs.org/range-parser cache-miss
143 http fetch GET 200 https://registry.npmjs.org/escape-html 133ms (cache miss)
144 silly packumentCache full:https://registry.npmjs.org/escape-html set size:undefined disposed:false
145 silly fetch manifest serve-static@^2.2.0
146 silly packumentCache full:https://registry.npmjs.org/serve-static cache-miss
147 http fetch GET 200 https://registry.npmjs.org/http-errors 138ms (cache miss)
148 silly packumentCache full:https://registry.npmjs.org/http-errors set size:undefined disposed:false
149 silly fetch manifest cookie-signature@^1.2.1
150 silly packumentCache full:https://registry.npmjs.org/cookie-signature cache-miss
151 http fetch GET 200 https://registry.npmjs.org/on-finished 133ms (cache miss)
152 silly packumentCache full:https://registry.npmjs.org/on-finished set size:undefined disposed:false
153 silly fetch manifest merge-descriptors@^2.0.0
154 silly packumentCache full:https://registry.npmjs.org/merge-descriptors cache-miss
155 http fetch GET 200 https://registry.npmjs.org/content-type 125ms (cache miss)
156 silly packumentCache full:https://registry.npmjs.org/content-type set size:undefined disposed:false
157 silly fetch manifest content-disposition@^1.0.0
158 silly packumentCache full:https://registry.npmjs.org/content-disposition cache-miss
159 http fetch GET 200 https://registry.npmjs.org/finalhandler 104ms (cache miss)
160 silly packumentCache full:https://registry.npmjs.org/finalhandler set size:undefined disposed:false
161 silly fetch manifest ms@^2.1.1
162 silly packumentCache full:https://registry.npmjs.org/ms cache-miss
163 http fetch GET 200 https://registry.npmjs.org/range-parser 85ms (cache miss)
164 silly packumentCache full:https://registry.npmjs.org/range-parser set size:undefined disposed:false
165 silly fetch manifest jws@^4.0.1
166 silly packumentCache full:https://registry.npmjs.org/jws cache-miss
167 http fetch GET 200 https://registry.npmjs.org/serve-static 86ms (cache miss)
168 silly packumentCache full:https://registry.npmjs.org/serve-static set size:undefined disposed:false
169 silly fetch manifest semver@^7.5.4
170 silly packumentCache full:https://registry.npmjs.org/semver cache-miss
171 http fetch GET 200 https://registry.npmjs.org/merge-descriptors 72ms (cache miss)
172 silly packumentCache full:https://registry.npmjs.org/merge-descriptors set size:undefined disposed:false
173 silly fetch manifest lodash.once@^4.0.0
174 silly packumentCache full:https://registry.npmjs.org/lodash.once cache-miss
175 http fetch GET 200 https://registry.npmjs.org/content-disposition 74ms (cache miss)
176 silly packumentCache full:https://registry.npmjs.org/content-disposition set size:undefined disposed:false
177 silly fetch manifest lodash.includes@^4.3.0
178 silly packumentCache full:https://registry.npmjs.org/lodash.includes cache-miss
179 http fetch GET 200 https://registry.npmjs.org/cookie-signature 101ms (cache miss)
180 silly packumentCache full:https://registry.npmjs.org/cookie-signature set size:undefined disposed:false
181 silly fetch manifest lodash.isnumber@^3.0.3
182 silly packumentCache full:https://registry.npmjs.org/lodash.isnumber cache-miss
183 http fetch GET 200 https://registry.npmjs.org/ms 79ms (cache miss)
184 silly packumentCache full:https://registry.npmjs.org/ms set size:undefined disposed:false
185 silly fetch manifest lodash.isstring@^4.0.1
186 silly packumentCache full:https://registry.npmjs.org/lodash.isstring cache-miss
187 http fetch GET 200 https://registry.npmjs.org/proxy-addr 314ms (cache miss)
188 silly packumentCache full:https://registry.npmjs.org/proxy-addr set size:undefined disposed:false
189 silly fetch manifest lodash.isboolean@^3.0.3
190 silly packumentCache full:https://registry.npmjs.org/lodash.isboolean cache-miss
191 http fetch GET 200 https://registry.npmjs.org/jws 75ms (cache miss)
192 silly packumentCache full:https://registry.npmjs.org/jws set size:undefined disposed:false
193 silly fetch manifest lodash.isinteger@^4.0.4
194 silly packumentCache full:https://registry.npmjs.org/lodash.isinteger cache-miss
195 http fetch GET 200 https://registry.npmjs.org/lodash.once 103ms (cache miss)
196 silly packumentCache full:https://registry.npmjs.org/lodash.once set size:undefined disposed:false
197 silly fetch manifest lodash.isplainobject@^4.0.6
198 silly packumentCache full:https://registry.npmjs.org/lodash.isplainobject cache-miss
199 http fetch GET 200 https://registry.npmjs.org/semver 139ms (cache miss)
200 silly packumentCache full:https://registry.npmjs.org/semver set size:undefined disposed:false
201 silly fetch manifest kareem@3.2.0
202 silly packumentCache full:https://registry.npmjs.org/kareem cache-miss
203 http fetch GET 200 https://registry.npmjs.org/lodash.includes 134ms (cache miss)
204 silly packumentCache full:https://registry.npmjs.org/lodash.includes set size:undefined disposed:false
205 silly fetch manifest mongodb@~7.0
206 silly packumentCache full:https://registry.npmjs.org/mongodb cache-miss
207 http fetch GET 200 https://registry.npmjs.org/lodash.isnumber 127ms (cache miss)
208 silly packumentCache full:https://registry.npmjs.org/lodash.isnumber set size:undefined disposed:false
209 silly fetch manifest mpath@0.9.0
210 silly packumentCache full:https://registry.npmjs.org/mpath cache-miss
211 http fetch GET 200 https://registry.npmjs.org/lodash.isstring 121ms (cache miss)
212 silly packumentCache full:https://registry.npmjs.org/lodash.isstring set size:undefined disposed:false
213 silly fetch manifest mquery@6.0.0
214 silly packumentCache full:https://registry.npmjs.org/mquery cache-miss
215 http fetch GET 200 https://registry.npmjs.org/lodash.isinteger 113ms (cache miss)
216 silly packumentCache full:https://registry.npmjs.org/lodash.isinteger set size:undefined disposed:false
217 silly fetch manifest ms@2.1.3
218 silly packumentCache full:https://registry.npmjs.org/ms cache-miss
219 http fetch GET 200 https://registry.npmjs.org/lodash.isplainobject 67ms (cache miss)
220 silly packumentCache full:https://registry.npmjs.org/lodash.isplainobject set size:undefined disposed:false
221 silly fetch manifest sift@17.1.3
222 silly packumentCache full:https://registry.npmjs.org/sift cache-miss
223 http cache https://registry.npmjs.org/ms 13ms (cache hit)
224 silly packumentCache full:https://registry.npmjs.org/ms set size:92208 disposed:false
225 http fetch GET 200 https://registry.npmjs.org/kareem 87ms (cache miss)
226 silly packumentCache full:https://registry.npmjs.org/kareem set size:undefined disposed:false
227 http fetch GET 200 https://registry.npmjs.org/mquery 168ms (cache miss)
228 silly packumentCache full:https://registry.npmjs.org/mquery set size:undefined disposed:false
229 http fetch GET 200 https://registry.npmjs.org/mpath 191ms (cache miss)
230 silly packumentCache full:https://registry.npmjs.org/mpath set size:undefined disposed:false
231 http fetch GET 200 https://registry.npmjs.org/lodash.isboolean 322ms (cache miss)
232 silly packumentCache full:https://registry.npmjs.org/lodash.isboolean set size:undefined disposed:false
233 http fetch GET 200 https://registry.npmjs.org/sift 433ms (cache miss)
234 silly packumentCache full:https://registry.npmjs.org/sift set size:undefined disposed:false
235 http fetch GET 200 https://registry.npmjs.org/mongodb 673ms (cache miss)
236 silly packumentCache full:https://registry.npmjs.org/mongodb set size:undefined disposed:false
237 silly placeDep ROOT node-addon-api@8.5.0 OK for: bcrypt@6.0.0 want: ^8.3.0
238 silly placeDep ROOT node-gyp-build@4.8.4 OK for: bcrypt@6.0.0 want: ^4.8.4
239 silly placeDep ROOT object-assign@4.1.1 OK for: cors@2.8.6 want: ^4
240 silly placeDep ROOT vary@1.1.2 OK for: cors@2.8.6 want: ^1
241 silly placeDep ROOT accepts@2.0.0 OK for: express@5.2.1 want: ^2.0.0
242 silly placeDep ROOT body-parser@2.2.2 OK for: express@5.2.1 want: ^2.2.1
243 silly placeDep ROOT content-disposition@1.0.1 OK for: express@5.2.1 want: ^1.0.0
244 silly placeDep ROOT content-type@1.0.5 OK for: express@5.2.1 want: ^1.0.5
245 silly placeDep ROOT cookie@0.7.2 OK for: express@5.2.1 want: ^0.7.1
246 silly placeDep ROOT cookie-signature@1.2.2 OK for: express@5.2.1 want: ^1.2.1
247 silly placeDep ROOT debug@4.4.3 OK for: express@5.2.1 want: ^4.4.0
248 silly placeDep ROOT depd@2.0.0 OK for: express@5.2.1 want: ^2.0.0
249 silly placeDep ROOT encodeurl@2.0.0 OK for: express@5.2.1 want: ^2.0.0
250 silly placeDep ROOT escape-html@1.0.3 OK for: express@5.2.1 want: ^1.0.3
251 silly placeDep ROOT etag@1.8.1 OK for: express@5.2.1 want: ^1.8.1
252 silly placeDep ROOT finalhandler@2.1.1 OK for: express@5.2.1 want: ^2.1.0
253 silly placeDep ROOT fresh@2.0.0 OK for: express@5.2.1 want: ^2.0.0
254 silly placeDep ROOT http-errors@2.0.1 OK for: express@5.2.1 want: ^2.0.0
255 silly placeDep ROOT merge-descriptors@2.0.0 OK for: express@5.2.1 want: ^2.0.0
256 silly placeDep ROOT mime-types@3.0.2 OK for: express@5.2.1 want: ^3.0.0
257 silly placeDep ROOT on-finished@2.4.1 OK for: express@5.2.1 want: ^2.4.1
258 silly placeDep ROOT once@1.4.0 OK for: express@5.2.1 want: ^1.4.0
259 silly placeDep ROOT parseurl@1.3.3 OK for: express@5.2.1 want: ^1.3.3
260 silly placeDep ROOT proxy-addr@2.0.7 OK for: express@5.2.1 want: ^2.0.7
261 silly placeDep ROOT qs@6.15.0 OK for: express@5.2.1 want: ^6.14.0
262 silly placeDep ROOT range-parser@1.2.1 OK for: express@5.2.1 want: ^1.2.1
263 silly placeDep ROOT router@2.2.0 OK for: express@5.2.1 want: ^2.2.0
264 silly placeDep ROOT send@1.2.1 OK for: express@5.2.1 want: ^1.1.0
265 silly placeDep ROOT serve-static@2.2.1 OK for: express@5.2.1 want: ^2.2.0
266 silly placeDep ROOT statuses@2.0.2 OK for: express@5.2.1 want: ^2.0.1
267 silly placeDep ROOT type-is@2.0.1 OK for: express@5.2.1 want: ^2.0.1
268 silly fetch manifest negotiator@^1.0.0
269 silly packumentCache full:https://registry.npmjs.org/negotiator cache-miss
270 silly fetch manifest bytes@^3.1.2
271 silly packumentCache full:https://registry.npmjs.org/bytes cache-miss
272 silly fetch manifest debug@^4.4.3
273 silly packumentCache full:https://registry.npmjs.org/debug cache-miss
274 silly fetch manifest iconv-lite@^0.7.0
275 silly packumentCache full:https://registry.npmjs.org/iconv-lite cache-miss
276 silly fetch manifest qs@^6.14.1
277 silly packumentCache full:https://registry.npmjs.org/qs cache-miss
278 silly fetch manifest raw-body@^3.0.1
279 silly packumentCache full:https://registry.npmjs.org/raw-body cache-miss
280 silly fetch manifest ms@^2.1.3
281 silly packumentCache full:https://registry.npmjs.org/ms cache-hit
282 silly fetch manifest inherits@~2.0.4
283 silly packumentCache full:https://registry.npmjs.org/inherits cache-miss
284 http cache https://registry.npmjs.org/debug 21ms (cache hit)
285 silly packumentCache full:https://registry.npmjs.org/debug set size:195840 disposed:false
286 silly fetch manifest setprototypeof@~1.2.0
287 silly packumentCache full:https://registry.npmjs.org/setprototypeof cache-miss
288 http cache https://registry.npmjs.org/qs 27ms (cache hit)
289 silly packumentCache full:https://registry.npmjs.org/qs set size:350258 disposed:false
290 silly fetch manifest statuses@~2.0.2
291 silly packumentCache full:https://registry.npmjs.org/statuses cache-miss
292 http cache https://registry.npmjs.org/statuses 8ms (cache hit)
293 silly packumentCache full:https://registry.npmjs.org/statuses set size:37117 disposed:false
294 silly fetch manifest toidentifier@~1.0.1
295 silly packumentCache full:https://registry.npmjs.org/toidentifier cache-miss
296 http fetch GET 200 https://registry.npmjs.org/inherits 49ms (cache miss)
297 silly packumentCache full:https://registry.npmjs.org/inherits set size:undefined disposed:false
298 silly fetch manifest mime-db@^1.54.0
299 silly packumentCache full:https://registry.npmjs.org/mime-db cache-miss
300 http fetch GET 200 https://registry.npmjs.org/negotiator 72ms (cache miss)
301 silly packumentCache full:https://registry.npmjs.org/negotiator set size:undefined disposed:false
302 silly fetch manifest ee-first@1.1.1
303 silly packumentCache full:https://registry.npmjs.org/ee-first cache-miss
304 http fetch GET 200 https://registry.npmjs.org/bytes 90ms (cache miss)
305 silly packumentCache full:https://registry.npmjs.org/bytes set size:undefined disposed:false
306 silly fetch manifest wrappy@1
307 silly packumentCache full:https://registry.npmjs.org/wrappy cache-miss
308 http fetch GET 200 https://registry.npmjs.org/mime-db 58ms (cache miss)
309 silly packumentCache full:https://registry.npmjs.org/mime-db set size:undefined disposed:false
310 silly fetch manifest forwarded@0.2.0
311 silly packumentCache full:https://registry.npmjs.org/forwarded cache-miss
312 http fetch GET 200 https://registry.npmjs.org/iconv-lite 121ms (cache miss)
313 silly packumentCache full:https://registry.npmjs.org/iconv-lite set size:undefined disposed:false
314 silly fetch manifest ipaddr.js@1.9.1
315 silly packumentCache full:https://registry.npmjs.org/ipaddr.js cache-miss
316 http fetch GET 200 https://registry.npmjs.org/setprototypeof 124ms (cache miss)
317 silly packumentCache full:https://registry.npmjs.org/setprototypeof set size:undefined disposed:false
318 silly fetch manifest side-channel@^1.1.0
319 silly packumentCache full:https://registry.npmjs.org/side-channel cache-miss
320 http fetch GET 200 https://registry.npmjs.org/forwarded 41ms (cache miss)
321 silly packumentCache full:https://registry.npmjs.org/forwarded set size:undefined disposed:false
322 silly fetch manifest is-promise@^4.0.0
323 silly packumentCache full:https://registry.npmjs.org/is-promise cache-miss
324 http fetch GET 200 https://registry.npmjs.org/raw-body 167ms (cache miss)
325 silly packumentCache full:https://registry.npmjs.org/raw-body set size:undefined disposed:false
326 silly fetch manifest path-to-regexp@^8.0.0
327 silly packumentCache full:https://registry.npmjs.org/path-to-regexp cache-miss
328 http fetch GET 200 https://registry.npmjs.org/toidentifier 136ms (cache miss)
329 silly packumentCache full:https://registry.npmjs.org/toidentifier set size:undefined disposed:false
330 silly fetch manifest statuses@^2.0.2
331 silly packumentCache full:https://registry.npmjs.org/statuses cache-hit
332 silly fetch manifest media-typer@^1.1.0
333 silly packumentCache full:https://registry.npmjs.org/media-typer cache-miss
334 http fetch GET 200 https://registry.npmjs.org/ee-first 113ms (cache miss)
335 silly packumentCache full:https://registry.npmjs.org/ee-first set size:undefined disposed:false
336 http fetch GET 200 https://registry.npmjs.org/wrappy 99ms (cache miss)
337 silly packumentCache full:https://registry.npmjs.org/wrappy set size:undefined disposed:false
338 http fetch GET 200 https://registry.npmjs.org/ipaddr.js 78ms (cache miss)
339 silly packumentCache full:https://registry.npmjs.org/ipaddr.js set size:undefined disposed:false
340 http fetch GET 200 https://registry.npmjs.org/side-channel 69ms (cache miss)
341 silly packumentCache full:https://registry.npmjs.org/side-channel set size:undefined disposed:false
342 http fetch GET 200 https://registry.npmjs.org/path-to-regexp 126ms (cache miss)
343 silly packumentCache full:https://registry.npmjs.org/path-to-regexp set size:undefined disposed:false
344 http fetch GET 200 https://registry.npmjs.org/media-typer 121ms (cache miss)
345 silly packumentCache full:https://registry.npmjs.org/media-typer set size:undefined disposed:false
346 http fetch GET 200 https://registry.npmjs.org/is-promise 318ms (cache miss)
347 silly packumentCache full:https://registry.npmjs.org/is-promise set size:undefined disposed:false
348 silly placeDep ROOT negotiator@1.0.0 OK for: accepts@2.0.0 want: ^1.0.0
349 silly placeDep ROOT bytes@3.1.2 OK for: body-parser@2.2.2 want: ^3.1.2
350 silly placeDep ROOT iconv-lite@0.7.2 OK for: body-parser@2.2.2 want: ^0.7.0
351 silly placeDep ROOT raw-body@3.0.2 OK for: body-parser@2.2.2 want: ^3.0.1
352 silly fetch manifest safer-buffer@>= 2.1.2 < 3.0.0
353 silly packumentCache full:https://registry.npmjs.org/safer-buffer cache-miss
354 silly fetch manifest unpipe@~1.0.0
355 silly packumentCache full:https://registry.npmjs.org/unpipe cache-miss
356 http fetch GET 200 https://registry.npmjs.org/safer-buffer 63ms (cache miss)
357 silly packumentCache full:https://registry.npmjs.org/safer-buffer set size:undefined disposed:false
358 http fetch GET 200 https://registry.npmjs.org/unpipe 69ms (cache miss)
359 silly packumentCache full:https://registry.npmjs.org/unpipe set size:undefined disposed:false
360 silly placeDep ROOT ms@2.1.3 OK for: debug@4.4.3 want: ^2.1.3
361 silly placeDep ROOT inherits@2.0.4 OK for: http-errors@2.0.1 want: ~2.0.4
362 silly placeDep ROOT setprototypeof@1.2.0 OK for: http-errors@2.0.1 want: ~1.2.0
363 silly placeDep ROOT toidentifier@1.0.1 OK for: http-errors@2.0.1 want: ~1.0.1
364 silly placeDep ROOT safer-buffer@2.1.2 OK for: iconv-lite@0.7.2 want: >= 2.1.2 < 3.0.0
365 silly placeDep ROOT jws@4.0.1 OK for: jsonwebtoken@9.0.3 want: ^4.0.1
366 silly placeDep ROOT lodash.includes@4.3.0 OK for: jsonwebtoken@9.0.3 want: ^4.3.0
367 silly placeDep ROOT lodash.isboolean@3.0.3 OK for: jsonwebtoken@9.0.3 want: ^3.0.3
368 silly placeDep ROOT lodash.isinteger@4.0.4 OK for: jsonwebtoken@9.0.3 want: ^4.0.4
369 silly placeDep ROOT lodash.isnumber@3.0.3 OK for: jsonwebtoken@9.0.3 want: ^3.0.3
370 silly placeDep ROOT lodash.isplainobject@4.0.6 OK for: jsonwebtoken@9.0.3 want: ^4.0.6
371 silly placeDep ROOT lodash.isstring@4.0.1 OK for: jsonwebtoken@9.0.3 want: ^4.0.1
372 silly placeDep ROOT lodash.once@4.1.1 OK for: jsonwebtoken@9.0.3 want: ^4.0.0
373 silly placeDep ROOT semver@7.7.4 OK for: jsonwebtoken@9.0.3 want: ^7.5.4
374 silly fetch manifest jwa@^2.0.1
375 silly packumentCache full:https://registry.npmjs.org/jwa cache-miss
376 silly fetch manifest safe-buffer@^5.0.1
377 silly packumentCache full:https://registry.npmjs.org/safe-buffer cache-miss
378 http fetch GET 200 https://registry.npmjs.org/jwa 88ms (cache miss)
379 silly packumentCache full:https://registry.npmjs.org/jwa set size:undefined disposed:false
380 http fetch GET 200 https://registry.npmjs.org/safe-buffer 113ms (cache miss)
381 silly packumentCache full:https://registry.npmjs.org/safe-buffer set size:undefined disposed:false
382 silly placeDep ROOT jwa@2.0.1 OK for: jws@4.0.1 want: ^2.0.1
383 silly placeDep ROOT safe-buffer@5.2.1 OK for: jws@4.0.1 want: ^5.0.1
384 silly fetch manifest ecdsa-sig-formatter@1.0.11
385 silly packumentCache full:https://registry.npmjs.org/ecdsa-sig-formatter cache-miss
386 silly fetch manifest buffer-equal-constant-time@^1.0.1
387 silly packumentCache full:https://registry.npmjs.org/buffer-equal-constant-time cache-miss
388 http fetch GET 200 https://registry.npmjs.org/ecdsa-sig-formatter 68ms (cache miss)
389 silly packumentCache full:https://registry.npmjs.org/ecdsa-sig-formatter set size:undefined disposed:false
390 http fetch GET 200 https://registry.npmjs.org/buffer-equal-constant-time 72ms (cache miss)
391 silly packumentCache full:https://registry.npmjs.org/buffer-equal-constant-time set size:undefined disposed:false
392 silly placeDep ROOT buffer-equal-constant-time@1.0.1 OK for: jwa@2.0.1 want: ^1.0.1
393 silly placeDep ROOT ecdsa-sig-formatter@1.0.11 OK for: jwa@2.0.1 want: 1.0.11
394 silly placeDep ROOT mime-db@1.54.0 OK for: mime-types@3.0.2 want: ^1.54.0
395 silly fetch manifest @aws-sdk/credential-providers@^3.806.0
396 silly packumentCache full:https://registry.npmjs.org/@aws-sdk%2fcredential-providers cache-miss
397 http fetch GET 200 https://registry.npmjs.org/@aws-sdk%2fcredential-providers 1041ms (cache miss)
398 silly packumentCache full:https://registry.npmjs.org/@aws-sdk%2fcredential-providers set size:undefined disposed:false
399 silly fetch manifest @mongodb-js/zstd@^7.0.0
400 silly packumentCache full:https://registry.npmjs.org/@mongodb-js%2fzstd cache-miss
401 http fetch GET 200 https://registry.npmjs.org/@mongodb-js%2fzstd 90ms (cache miss)
402 silly packumentCache full:https://registry.npmjs.org/@mongodb-js%2fzstd set size:undefined disposed:false
403 silly fetch manifest gcp-metadata@^7.0.1
404 silly packumentCache full:https://registry.npmjs.org/gcp-metadata cache-miss
405 http fetch GET 200 https://registry.npmjs.org/gcp-metadata 109ms (cache miss)
406 silly packumentCache full:https://registry.npmjs.org/gcp-metadata set size:undefined disposed:false
407 silly fetch manifest kerberos@^7.0.0
408 silly packumentCache full:https://registry.npmjs.org/kerberos cache-miss
409 http fetch GET 200 https://registry.npmjs.org/kerberos 102ms (cache miss)
410 silly packumentCache full:https://registry.npmjs.org/kerberos set size:undefined disposed:false
411 silly fetch manifest mongodb-client-encryption@>=7.0.0 <7.1.0
412 silly packumentCache full:https://registry.npmjs.org/mongodb-client-encryption cache-miss
413 http fetch GET 200 https://registry.npmjs.org/mongodb-client-encryption 131ms (cache miss)
414 silly packumentCache full:https://registry.npmjs.org/mongodb-client-encryption set size:undefined disposed:false
415 silly fetch manifest snappy@^7.3.2
416 silly packumentCache full:https://registry.npmjs.org/snappy cache-miss
417 http fetch GET 200 https://registry.npmjs.org/snappy 186ms (cache miss)
418 silly packumentCache full:https://registry.npmjs.org/snappy set size:undefined disposed:false
419 silly fetch manifest socks@^2.8.6
420 silly packumentCache full:https://registry.npmjs.org/socks cache-miss
421 http fetch GET 200 https://registry.npmjs.org/socks 92ms (cache miss)
422 silly packumentCache full:https://registry.npmjs.org/socks set size:undefined disposed:false
423 silly placeDep ROOT kareem@3.2.0 OK for: mongoose@9.2.2 want: 3.2.0
424 silly placeDep ROOT mongodb@7.0.0 OK for: mongoose@9.2.2 want: ~7.0
425 silly placeDep ROOT mpath@0.9.0 OK for: mongoose@9.2.2 want: 0.9.0
426 silly placeDep ROOT mquery@6.0.0 OK for: mongoose@9.2.2 want: 6.0.0
427 silly placeDep ROOT sift@17.1.3 OK for: mongoose@9.2.2 want: 17.1.3
428 silly fetch manifest bson@^7.0.0
429 silly packumentCache full:https://registry.npmjs.org/bson cache-miss
430 silly fetch manifest @mongodb-js/saslprep@^1.3.0
431 silly packumentCache full:https://registry.npmjs.org/@mongodb-js%2fsaslprep cache-miss
432 silly fetch manifest mongodb-connection-string-url@^7.0.0
433 silly packumentCache full:https://registry.npmjs.org/mongodb-connection-string-url cache-miss
434 http fetch GET 200 https://registry.npmjs.org/mongodb-connection-string-url 104ms (cache miss)
435 silly packumentCache full:https://registry.npmjs.org/mongodb-connection-string-url set size:undefined disposed:false
436 http fetch GET 200 https://registry.npmjs.org/@mongodb-js%2fsaslprep 117ms (cache miss)
437 silly packumentCache full:https://registry.npmjs.org/@mongodb-js%2fsaslprep set size:undefined disposed:false
438 http fetch GET 200 https://registry.npmjs.org/bson 386ms (cache miss)
439 silly packumentCache full:https://registry.npmjs.org/bson set size:undefined disposed:false
440 silly placeDep ROOT @mongodb-js/saslprep@1.4.6 OK for: mongodb@7.0.0 want: ^1.3.0
441 silly placeDep ROOT bson@7.2.0 OK for: mongodb@7.0.0 want: ^7.0.0
442 silly placeDep ROOT mongodb-connection-string-url@7.0.1 OK for: mongodb@7.0.0 want: ^7.0.0
443 silly fetch manifest sparse-bitfield@^3.0.3
444 silly packumentCache full:https://registry.npmjs.org/sparse-bitfield cache-miss
445 silly fetch manifest whatwg-url@^14.1.0
446 silly packumentCache full:https://registry.npmjs.org/whatwg-url cache-miss
447 silly fetch manifest @types/whatwg-url@^13.0.0
448 silly packumentCache full:https://registry.npmjs.org/@types%2fwhatwg-url cache-miss
449 http fetch GET 200 https://registry.npmjs.org/sparse-bitfield 120ms (cache miss)
450 silly packumentCache full:https://registry.npmjs.org/sparse-bitfield set size:undefined disposed:false
451 http fetch GET 200 https://registry.npmjs.org/whatwg-url 131ms (cache miss)
452 silly packumentCache full:https://registry.npmjs.org/whatwg-url set size:undefined disposed:false
453 http fetch GET 200 https://registry.npmjs.org/@types%2fwhatwg-url 138ms (cache miss)
454 silly packumentCache full:https://registry.npmjs.org/@types%2fwhatwg-url set size:undefined disposed:false
455 silly placeDep ROOT sparse-bitfield@3.0.3 OK for: @mongodb-js/saslprep@1.4.6 want: ^3.0.3
456 silly fetch manifest memory-pager@^1.0.2
457 silly packumentCache full:https://registry.npmjs.org/memory-pager cache-miss
458 http fetch GET 200 https://registry.npmjs.org/memory-pager 71ms (cache miss)
459 silly packumentCache full:https://registry.npmjs.org/memory-pager set size:undefined disposed:false
460 silly placeDep ROOT @types/whatwg-url@13.0.0 OK for: mongodb-connection-string-url@7.0.1 want: ^13.0.0
461 silly placeDep ROOT whatwg-url@14.2.0 OK for: mongodb-connection-string-url@7.0.1 want: ^14.1.0
462 silly fetch manifest @types/webidl-conversions@*
463 silly packumentCache full:https://registry.npmjs.org/@types%2fwebidl-conversions cache-miss
464 silly fetch manifest tr46@^5.1.0
465 silly packumentCache full:https://registry.npmjs.org/tr46 cache-miss
466 silly fetch manifest webidl-conversions@^7.0.0
467 silly packumentCache full:https://registry.npmjs.org/webidl-conversions cache-miss
468 http fetch GET 200 https://registry.npmjs.org/webidl-conversions 69ms (cache miss)
469 silly packumentCache full:https://registry.npmjs.org/webidl-conversions set size:undefined disposed:false
470 http fetch GET 200 https://registry.npmjs.org/tr46 85ms (cache miss)
471 silly packumentCache full:https://registry.npmjs.org/tr46 set size:undefined disposed:false
472 http fetch GET 200 https://registry.npmjs.org/@types%2fwebidl-conversions 762ms (cache miss)
473 silly packumentCache full:https://registry.npmjs.org/@types%2fwebidl-conversions set size:undefined disposed:false
474 silly placeDep ROOT @types/webidl-conversions@7.0.3 OK for: @types/whatwg-url@13.0.0 want: *
475 silly placeDep ROOT ee-first@1.1.1 OK for: on-finished@2.4.1 want: 1.1.1
476 silly placeDep ROOT wrappy@1.0.2 OK for: once@1.4.0 want: 1
477 silly placeDep ROOT forwarded@0.2.0 OK for: proxy-addr@2.0.7 want: 0.2.0
478 silly placeDep ROOT ipaddr.js@1.9.1 OK for: proxy-addr@2.0.7 want: 1.9.1
479 silly placeDep ROOT side-channel@1.1.0 OK for: qs@6.15.0 want: ^1.1.0
480 silly fetch manifest es-errors@^1.3.0
481 silly packumentCache full:https://registry.npmjs.org/es-errors cache-miss
482 silly fetch manifest object-inspect@^1.13.3
483 silly packumentCache full:https://registry.npmjs.org/object-inspect cache-miss
484 silly fetch manifest side-channel-list@^1.0.0
485 silly packumentCache full:https://registry.npmjs.org/side-channel-list cache-miss
486 silly fetch manifest side-channel-map@^1.0.1
487 silly packumentCache full:https://registry.npmjs.org/side-channel-map cache-miss
488 silly fetch manifest side-channel-weakmap@^1.0.2
489 silly packumentCache full:https://registry.npmjs.org/side-channel-weakmap cache-miss
490 http fetch GET 200 https://registry.npmjs.org/side-channel-map 55ms (cache miss)
491 silly packumentCache full:https://registry.npmjs.org/side-channel-map set size:undefined disposed:false
492 http fetch GET 200 https://registry.npmjs.org/object-inspect 99ms (cache miss)
493 silly packumentCache full:https://registry.npmjs.org/object-inspect set size:undefined disposed:false
494 http fetch GET 200 https://registry.npmjs.org/es-errors 107ms (cache miss)
495 silly packumentCache full:https://registry.npmjs.org/es-errors set size:undefined disposed:false
496 http fetch GET 200 https://registry.npmjs.org/side-channel-list 113ms (cache miss)
497 silly packumentCache full:https://registry.npmjs.org/side-channel-list set size:undefined disposed:false
498 http fetch GET 200 https://registry.npmjs.org/side-channel-weakmap 122ms (cache miss)
499 silly packumentCache full:https://registry.npmjs.org/side-channel-weakmap set size:undefined disposed:false
500 silly placeDep ROOT unpipe@1.0.0 OK for: raw-body@3.0.2 want: ~1.0.0
501 silly placeDep ROOT is-promise@4.0.0 OK for: router@2.2.0 want: ^4.0.0
502 silly placeDep ROOT path-to-regexp@8.3.0 OK for: router@2.2.0 want: ^8.0.0
503 silly placeDep ROOT es-errors@1.3.0 OK for: side-channel@1.1.0 want: ^1.3.0
504 silly placeDep ROOT object-inspect@1.13.4 OK for: side-channel@1.1.0 want: ^1.13.3
505 silly placeDep ROOT side-channel-list@1.0.0 OK for: side-channel@1.1.0 want: ^1.0.0
506 silly placeDep ROOT side-channel-map@1.0.1 OK for: side-channel@1.1.0 want: ^1.0.1
507 silly placeDep ROOT side-channel-weakmap@1.0.2 OK for: side-channel@1.1.0 want: ^1.0.2
508 silly fetch manifest call-bound@^1.0.2
509 silly packumentCache full:https://registry.npmjs.org/call-bound cache-miss
510 silly fetch manifest get-intrinsic@^1.2.5
511 silly packumentCache full:https://registry.npmjs.org/get-intrinsic cache-miss
512 silly fetch manifest call-bound@^1.0.2
513 silly packumentCache full:https://registry.npmjs.org/call-bound cache-miss
514 silly fetch manifest get-intrinsic@^1.2.5
515 silly packumentCache full:https://registry.npmjs.org/get-intrinsic cache-miss
516 http fetch GET 200 https://registry.npmjs.org/get-intrinsic 46ms (cache miss)
517 silly packumentCache full:https://registry.npmjs.org/get-intrinsic set size:undefined disposed:false
518 http fetch GET 200 https://registry.npmjs.org/call-bound 61ms (cache miss)
519 silly packumentCache full:https://registry.npmjs.org/call-bound set size:undefined disposed:false
520 http fetch GET 200 https://registry.npmjs.org/call-bound 67ms (cache miss)
521 silly packumentCache full:https://registry.npmjs.org/call-bound set size:undefined disposed:false
522 http fetch GET 200 https://registry.npmjs.org/get-intrinsic 79ms (cache miss)
523 silly packumentCache full:https://registry.npmjs.org/get-intrinsic set size:undefined disposed:false
524 silly placeDep ROOT call-bound@1.0.4 OK for: side-channel-map@1.0.1 want: ^1.0.2
525 silly placeDep ROOT get-intrinsic@1.3.0 OK for: side-channel-map@1.0.1 want: ^1.2.5
526 silly fetch manifest call-bind-apply-helpers@^1.0.2
527 silly packumentCache full:https://registry.npmjs.org/call-bind-apply-helpers cache-miss
528 silly fetch manifest get-intrinsic@^1.3.0
529 silly packumentCache full:https://registry.npmjs.org/get-intrinsic cache-miss
530 silly fetch manifest gopd@^1.2.0
531 silly packumentCache full:https://registry.npmjs.org/gopd cache-miss
532 silly fetch manifest hasown@^2.0.2
533 silly packumentCache full:https://registry.npmjs.org/hasown cache-miss
534 silly fetch manifest get-proto@^1.0.1
535 silly packumentCache full:https://registry.npmjs.org/get-proto cache-miss
536 silly fetch manifest has-symbols@^1.1.0
537 silly packumentCache full:https://registry.npmjs.org/has-symbols cache-miss
538 silly fetch manifest function-bind@^1.1.2
539 silly packumentCache full:https://registry.npmjs.org/function-bind cache-miss
540 http cache https://registry.npmjs.org/get-intrinsic 13ms (cache hit)
541 silly packumentCache full:https://registry.npmjs.org/get-intrinsic set size:60985 disposed:false
542 silly fetch manifest es-object-atoms@^1.1.1
543 silly packumentCache full:https://registry.npmjs.org/es-object-atoms cache-miss
544 http fetch GET 200 https://registry.npmjs.org/get-proto 39ms (cache miss)
545 silly packumentCache full:https://registry.npmjs.org/get-proto set size:undefined disposed:false
546 silly fetch manifest math-intrinsics@^1.1.0
547 silly packumentCache full:https://registry.npmjs.org/math-intrinsics cache-miss
548 http fetch GET 200 https://registry.npmjs.org/call-bind-apply-helpers 59ms (cache miss)
549 silly packumentCache full:https://registry.npmjs.org/call-bind-apply-helpers set size:undefined disposed:false
550 silly fetch manifest es-define-property@^1.0.1
551 silly packumentCache full:https://registry.npmjs.org/es-define-property cache-miss
552 http fetch GET 200 https://registry.npmjs.org/function-bind 64ms (cache miss)
553 silly packumentCache full:https://registry.npmjs.org/function-bind set size:undefined disposed:false
554 http fetch GET 200 https://registry.npmjs.org/has-symbols 80ms (cache miss)
555 silly packumentCache full:https://registry.npmjs.org/has-symbols set size:undefined disposed:false
556 http fetch GET 200 https://registry.npmjs.org/gopd 88ms (cache miss)
557 silly packumentCache full:https://registry.npmjs.org/gopd set size:undefined disposed:false
558 http fetch GET 200 https://registry.npmjs.org/hasown 98ms (cache miss)
559 silly packumentCache full:https://registry.npmjs.org/hasown set size:undefined disposed:false
560 http fetch GET 200 https://registry.npmjs.org/es-object-atoms 95ms (cache miss)
561 silly packumentCache full:https://registry.npmjs.org/es-object-atoms set size:undefined disposed:false
562 http fetch GET 200 https://registry.npmjs.org/es-define-property 55ms (cache miss)
563 silly packumentCache full:https://registry.npmjs.org/es-define-property set size:undefined disposed:false
564 http fetch GET 200 https://registry.npmjs.org/math-intrinsics 342ms (cache miss)
565 silly packumentCache full:https://registry.npmjs.org/math-intrinsics set size:undefined disposed:false
566 silly placeDep ROOT call-bind-apply-helpers@1.0.2 OK for: call-bound@1.0.4 want: ^1.0.2
567 silly placeDep ROOT function-bind@1.1.2 OK for: call-bind-apply-helpers@1.0.2 want: ^1.1.2
568 silly placeDep ROOT es-define-property@1.0.1 OK for: get-intrinsic@1.3.0 want: ^1.0.1
569 silly placeDep ROOT es-object-atoms@1.1.1 OK for: get-intrinsic@1.3.0 want: ^1.1.1
570 silly placeDep ROOT get-proto@1.0.1 OK for: get-intrinsic@1.3.0 want: ^1.0.1
571 silly placeDep ROOT gopd@1.2.0 OK for: get-intrinsic@1.3.0 want: ^1.2.0
572 silly placeDep ROOT has-symbols@1.1.0 OK for: get-intrinsic@1.3.0 want: ^1.1.0
573 silly placeDep ROOT hasown@2.0.2 OK for: get-intrinsic@1.3.0 want: ^2.0.2
574 silly placeDep ROOT math-intrinsics@1.1.0 OK for: get-intrinsic@1.3.0 want: ^1.1.0
575 silly fetch manifest dunder-proto@^1.0.1
576 silly packumentCache full:https://registry.npmjs.org/dunder-proto cache-miss
577 http fetch GET 200 https://registry.npmjs.org/dunder-proto 61ms (cache miss)
578 silly packumentCache full:https://registry.npmjs.org/dunder-proto set size:undefined disposed:false
579 silly placeDep ROOT dunder-proto@1.0.1 OK for: get-proto@1.0.1 want: ^1.0.1
580 silly placeDep ROOT memory-pager@1.5.0 OK for: sparse-bitfield@3.0.3 want: ^1.0.2
581 silly placeDep ROOT media-typer@1.1.0 OK for: type-is@2.0.1 want: ^1.1.0
582 silly placeDep ROOT tr46@5.1.1 OK for: whatwg-url@14.2.0 want: ^5.1.0
583 silly placeDep ROOT webidl-conversions@7.0.0 OK for: whatwg-url@14.2.0 want: ^7.0.0
584 silly fetch manifest punycode@^2.3.1
585 silly packumentCache full:https://registry.npmjs.org/punycode cache-miss
586 http fetch GET 200 https://registry.npmjs.org/punycode 79ms (cache miss)
587 silly packumentCache full:https://registry.npmjs.org/punycode set size:undefined disposed:false
588 silly placeDep ROOT punycode@2.3.1 OK for: tr46@5.1.1 want: ^2.3.1
589 silly reify moves {}
590 silly audit bulk request {
590 silly audit   bcrypt: [ '6.0.0' ],
590 silly audit   cors: [ '2.8.6' ],
590 silly audit   dotenv: [ '17.3.1' ],
590 silly audit   express: [ '5.2.1' ],
590 silly audit   jsonwebtoken: [ '9.0.3' ],
590 silly audit   mongoose: [ '9.2.2' ],
590 silly audit   'node-addon-api': [ '8.5.0' ],
590 silly audit   'node-gyp-build': [ '4.8.4' ],
590 silly audit   'object-assign': [ '4.1.1' ],
590 silly audit   vary: [ '1.1.2' ],
590 silly audit   accepts: [ '2.0.0' ],
590 silly audit   'body-parser': [ '2.2.2' ],
590 silly audit   'content-disposition': [ '1.0.1' ],
590 silly audit   'content-type': [ '1.0.5' ],
590 silly audit   cookie: [ '0.7.2' ],
590 silly audit   'cookie-signature': [ '1.2.2' ],
590 silly audit   debug: [ '4.4.3' ],
590 silly audit   depd: [ '2.0.0' ],
590 silly audit   encodeurl: [ '2.0.0' ],
590 silly audit   'escape-html': [ '1.0.3' ],
590 silly audit   etag: [ '1.8.1' ],
590 silly audit   finalhandler: [ '2.1.1' ],
590 silly audit   fresh: [ '2.0.0' ],
590 silly audit   'http-errors': [ '2.0.1' ],
590 silly audit   'merge-descriptors': [ '2.0.0' ],
590 silly audit   'mime-types': [ '3.0.2' ],
590 silly audit   'on-finished': [ '2.4.1' ],
590 silly audit   once: [ '1.4.0' ],
590 silly audit   parseurl: [ '1.3.3' ],
590 silly audit   'proxy-addr': [ '2.0.7' ],
590 silly audit   qs: [ '6.15.0' ],
590 silly audit   'range-parser': [ '1.2.1' ],
590 silly audit   router: [ '2.2.0' ],
590 silly audit   send: [ '1.2.1' ],
590 silly audit   'serve-static': [ '2.2.1' ],
590 silly audit   statuses: [ '2.0.2' ],
590 silly audit   'type-is': [ '2.0.1' ],
590 silly audit   negotiator: [ '1.0.0' ],
590 silly audit   bytes: [ '3.1.2' ],
590 silly audit   'iconv-lite': [ '0.7.2' ],
590 silly audit   'raw-body': [ '3.0.2' ],
590 silly audit   ms: [ '2.1.3' ],
590 silly audit   inherits: [ '2.0.4' ],
590 silly audit   setprototypeof: [ '1.2.0' ],
590 silly audit   toidentifier: [ '1.0.1' ],
590 silly audit   'safer-buffer': [ '2.1.2' ],
590 silly audit   jws: [ '4.0.1' ],
590 silly audit   'lodash.includes': [ '4.3.0' ],
590 silly audit   'lodash.isboolean': [ '3.0.3' ],
590 silly audit   'lodash.isinteger': [ '4.0.4' ],
590 silly audit   'lodash.isnumber': [ '3.0.3' ],
590 silly audit   'lodash.isplainobject': [ '4.0.6' ],
590 silly audit   'lodash.isstring': [ '4.0.1' ],
590 silly audit   'lodash.once': [ '4.1.1' ],
590 silly audit   semver: [ '7.7.4' ],
590 silly audit   jwa: [ '2.0.1' ],
590 silly audit   'safe-buffer': [ '5.2.1' ],
590 silly audit   'buffer-equal-constant-time': [ '1.0.1' ],
590 silly audit   'ecdsa-sig-formatter': [ '1.0.11' ],
590 silly audit   'mime-db': [ '1.54.0' ],
590 silly audit   kareem: [ '3.2.0' ],
590 silly audit   mongodb: [ '7.0.0' ],
590 silly audit   mpath: [ '0.9.0' ],
590 silly audit   mquery: [ '6.0.0' ],
590 silly audit   sift: [ '17.1.3' ],
590 silly audit   '@mongodb-js/saslprep': [ '1.4.6' ],
590 silly audit   bson: [ '7.2.0' ],
590 silly audit   'mongodb-connection-string-url': [ '7.0.1' ],
590 silly audit   'sparse-bitfield': [ '3.0.3' ],
590 silly audit   '@types/whatwg-url': [ '13.0.0' ],
590 silly audit   'whatwg-url': [ '14.2.0' ],
590 silly audit   '@types/webidl-conversions': [ '7.0.3' ],
590 silly audit   'ee-first': [ '1.1.1' ],
590 silly audit   wrappy: [ '1.0.2' ],
590 silly audit   forwarded: [ '0.2.0' ],
590 silly audit   'ipaddr.js': [ '1.9.1' ],
590 silly audit   'side-channel': [ '1.1.0' ],
590 silly audit   unpipe: [ '1.0.0' ],
590 silly audit   'is-promise': [ '4.0.0' ],
590 silly audit   'path-to-regexp': [ '8.3.0' ],
590 silly audit   'es-errors': [ '1.3.0' ],
590 silly audit   'object-inspect': [ '1.13.4' ],
590 silly audit   'side-channel-list': [ '1.0.0' ],
590 silly audit   'side-channel-map': [ '1.0.1' ],
590 silly audit   'side-channel-weakmap': [ '1.0.2' ],
590 silly audit   'call-bound': [ '1.0.4' ],
590 silly audit   'get-intrinsic': [ '1.3.0' ],
590 silly audit   'call-bind-apply-helpers': [ '1.0.2' ],
590 silly audit   'function-bind': [ '1.1.2' ],
590 silly audit   'es-define-property': [ '1.0.1' ],
590 silly audit   'es-object-atoms': [ '1.1.1' ],
590 silly audit   'get-proto': [ '1.0.1' ],
590 silly audit   gopd: [ '1.2.0' ],
590 silly audit   'has-symbols': [ '1.1.0' ],
590 silly audit   hasown: [ '2.0.2' ],
590 silly audit   'math-intrinsics': [ '1.1.0' ],
590 silly audit   'dunder-proto': [ '1.0.1' ],
590 silly audit   'memory-pager': [ '1.5.0' ],
590 silly audit   'media-typer': [ '1.1.0' ],
590 silly audit   tr46: [ '5.1.1' ],
590 silly audit   'webidl-conversions': [ '7.0.0' ],
590 silly audit   punycode: [ '2.3.1' ]
590 silly audit }
591 http cache webidl-conversions@https://registry.npmjs.org/webidl-conversions/-/webidl-conversions-7.0.0.tgz 0ms (cache hit)
592 http cache tr46@https://registry.npmjs.org/tr46/-/tr46-5.1.1.tgz 0ms (cache hit)
593 http cache punycode@https://registry.npmjs.org/punycode/-/punycode-2.3.1.tgz 0ms (cache hit)
594 http cache media-typer@https://registry.npmjs.org/media-typer/-/media-typer-1.1.0.tgz 0ms (cache hit)
595 http cache memory-pager@https://registry.npmjs.org/memory-pager/-/memory-pager-1.5.0.tgz 0ms (cache hit)
596 http cache dunder-proto@https://registry.npmjs.org/dunder-proto/-/dunder-proto-1.0.1.tgz 0ms (cache hit)
597 http cache hasown@https://registry.npmjs.org/hasown/-/hasown-2.0.2.tgz 0ms (cache hit)
598 http cache math-intrinsics@https://registry.npmjs.org/math-intrinsics/-/math-intrinsics-1.1.0.tgz 0ms (cache hit)
599 http cache has-symbols@https://registry.npmjs.org/has-symbols/-/has-symbols-1.1.0.tgz 0ms (cache hit)
600 http cache gopd@https://registry.npmjs.org/gopd/-/gopd-1.2.0.tgz 0ms (cache hit)
601 http cache es-object-atoms@https://registry.npmjs.org/es-object-atoms/-/es-object-atoms-1.1.1.tgz 0ms (cache hit)
602 http cache get-proto@https://registry.npmjs.org/get-proto/-/get-proto-1.0.1.tgz 0ms (cache hit)
603 http cache function-bind@https://registry.npmjs.org/function-bind/-/function-bind-1.1.2.tgz 0ms (cache hit)
604 http cache es-define-property@https://registry.npmjs.org/es-define-property/-/es-define-property-1.0.1.tgz 0ms (cache hit)
605 http cache call-bind-apply-helpers@https://registry.npmjs.org/call-bind-apply-helpers/-/call-bind-apply-helpers-1.0.2.tgz 0ms (cache hit)
606 http cache side-channel-weakmap@https://registry.npmjs.org/side-channel-weakmap/-/side-channel-weakmap-1.0.2.tgz 0ms (cache hit)
607 http cache get-intrinsic@https://registry.npmjs.org/get-intrinsic/-/get-intrinsic-1.3.0.tgz 0ms (cache hit)
608 http cache side-channel-map@https://registry.npmjs.org/side-channel-map/-/side-channel-map-1.0.1.tgz 0ms (cache hit)
609 http cache call-bound@https://registry.npmjs.org/call-bound/-/call-bound-1.0.4.tgz 0ms (cache hit)
610 http cache side-channel-list@https://registry.npmjs.org/side-channel-list/-/side-channel-list-1.0.0.tgz 0ms (cache hit)
611 http cache object-inspect@https://registry.npmjs.org/object-inspect/-/object-inspect-1.13.4.tgz 0ms (cache hit)
612 http cache es-errors@https://registry.npmjs.org/es-errors/-/es-errors-1.3.0.tgz 0ms (cache hit)
613 http cache is-promise@https://registry.npmjs.org/is-promise/-/is-promise-4.0.0.tgz 0ms (cache hit)
614 http cache path-to-regexp@https://registry.npmjs.org/path-to-regexp/-/path-to-regexp-8.3.0.tgz 0ms (cache hit)
615 http cache unpipe@https://registry.npmjs.org/unpipe/-/unpipe-1.0.0.tgz 0ms (cache hit)
616 http cache side-channel@https://registry.npmjs.org/side-channel/-/side-channel-1.1.0.tgz 0ms (cache hit)
617 http cache ipaddr.js@https://registry.npmjs.org/ipaddr.js/-/ipaddr.js-1.9.1.tgz 0ms (cache hit)
618 http cache forwarded@https://registry.npmjs.org/forwarded/-/forwarded-0.2.0.tgz 0ms (cache hit)
619 http cache @types/webidl-conversions@https://registry.npmjs.org/@types/webidl-conversions/-/webidl-conversions-7.0.3.tgz 0ms (cache hit)
620 http cache @types/whatwg-url@https://registry.npmjs.org/@types/whatwg-url/-/whatwg-url-13.0.0.tgz 0ms (cache hit)
621 http cache wrappy@https://registry.npmjs.org/wrappy/-/wrappy-1.0.2.tgz 0ms (cache hit)
622 http cache ee-first@https://registry.npmjs.org/ee-first/-/ee-first-1.1.1.tgz 0ms (cache hit)
623 http cache whatwg-url@https://registry.npmjs.org/whatwg-url/-/whatwg-url-14.2.0.tgz 0ms (cache hit)
624 http cache @mongodb-js/saslprep@https://registry.npmjs.org/@mongodb-js/saslprep/-/saslprep-1.4.6.tgz 0ms (cache hit)
625 http cache sparse-bitfield@https://registry.npmjs.org/sparse-bitfield/-/sparse-bitfield-3.0.3.tgz 0ms (cache hit)
626 http cache mongodb-connection-string-url@https://registry.npmjs.org/mongodb-connection-string-url/-/mongodb-connection-string-url-7.0.1.tgz 0ms (cache hit)
627 http cache bson@https://registry.npmjs.org/bson/-/bson-7.2.0.tgz 0ms (cache hit)
628 http cache mpath@https://registry.npmjs.org/mpath/-/mpath-0.9.0.tgz 0ms (cache hit)
629 http cache mongodb@https://registry.npmjs.org/mongodb/-/mongodb-7.0.0.tgz 0ms (cache hit)
630 http cache sift@https://registry.npmjs.org/sift/-/sift-17.1.3.tgz 0ms (cache hit)
631 http cache mquery@https://registry.npmjs.org/mquery/-/mquery-6.0.0.tgz 0ms (cache hit)
632 http cache kareem@https://registry.npmjs.org/kareem/-/kareem-3.2.0.tgz 0ms (cache hit)
633 http cache ecdsa-sig-formatter@https://registry.npmjs.org/ecdsa-sig-formatter/-/ecdsa-sig-formatter-1.0.11.tgz 0ms (cache hit)
634 http cache mime-db@https://registry.npmjs.org/mime-db/-/mime-db-1.54.0.tgz 0ms (cache hit)
635 http cache safe-buffer@https://registry.npmjs.org/safe-buffer/-/safe-buffer-5.2.1.tgz 0ms (cache hit)
636 http cache buffer-equal-constant-time@https://registry.npmjs.org/buffer-equal-constant-time/-/buffer-equal-constant-time-1.0.1.tgz 0ms (cache hit)
637 http cache lodash.isstring@https://registry.npmjs.org/lodash.isstring/-/lodash.isstring-4.0.1.tgz 0ms (cache hit)
638 http cache jwa@https://registry.npmjs.org/jwa/-/jwa-2.0.1.tgz 0ms (cache hit)
639 http cache semver@https://registry.npmjs.org/semver/-/semver-7.7.4.tgz 0ms (cache hit)
640 http cache lodash.once@https://registry.npmjs.org/lodash.once/-/lodash.once-4.1.1.tgz 0ms (cache hit)
641 http cache lodash.isinteger@https://registry.npmjs.org/lodash.isinteger/-/lodash.isinteger-4.0.4.tgz 0ms (cache hit)
642 http cache lodash.isplainobject@https://registry.npmjs.org/lodash.isplainobject/-/lodash.isplainobject-4.0.6.tgz 0ms (cache hit)
643 http cache lodash.includes@https://registry.npmjs.org/lodash.includes/-/lodash.includes-4.3.0.tgz 0ms (cache hit)
644 http cache lodash.isnumber@https://registry.npmjs.org/lodash.isnumber/-/lodash.isnumber-3.0.3.tgz 0ms (cache hit)
645 http cache safer-buffer@https://registry.npmjs.org/safer-buffer/-/safer-buffer-2.1.2.tgz 0ms (cache hit)
646 http cache lodash.isboolean@https://registry.npmjs.org/lodash.isboolean/-/lodash.isboolean-3.0.3.tgz 0ms (cache hit)
647 http cache jws@https://registry.npmjs.org/jws/-/jws-4.0.1.tgz 0ms (cache hit)
648 http cache toidentifier@https://registry.npmjs.org/toidentifier/-/toidentifier-1.0.1.tgz 0ms (cache hit)
649 http cache setprototypeof@https://registry.npmjs.org/setprototypeof/-/setprototypeof-1.2.0.tgz 0ms (cache hit)
650 http cache ms@https://registry.npmjs.org/ms/-/ms-2.1.3.tgz 0ms (cache hit)
651 http cache raw-body@https://registry.npmjs.org/raw-body/-/raw-body-3.0.2.tgz 0ms (cache hit)
652 http cache iconv-lite@https://registry.npmjs.org/iconv-lite/-/iconv-lite-0.7.2.tgz 0ms (cache hit)
653 http cache bytes@https://registry.npmjs.org/bytes/-/bytes-3.1.2.tgz 0ms (cache hit)
654 http cache negotiator@https://registry.npmjs.org/negotiator/-/negotiator-1.0.0.tgz 0ms (cache hit)
655 http cache type-is@https://registry.npmjs.org/type-is/-/type-is-2.0.1.tgz 0ms (cache hit)
656 http cache statuses@https://registry.npmjs.org/statuses/-/statuses-2.0.2.tgz 0ms (cache hit)
657 http cache send@https://registry.npmjs.org/send/-/send-1.2.1.tgz 0ms (cache hit)
658 http cache router@https://registry.npmjs.org/router/-/router-2.2.0.tgz 0ms (cache hit)
659 http cache serve-static@https://registry.npmjs.org/serve-static/-/serve-static-2.2.1.tgz 0ms (cache hit)
660 http cache range-parser@https://registry.npmjs.org/range-parser/-/range-parser-1.2.1.tgz 0ms (cache hit)
661 http cache proxy-addr@https://registry.npmjs.org/proxy-addr/-/proxy-addr-2.0.7.tgz 0ms (cache hit)
662 http cache qs@https://registry.npmjs.org/qs/-/qs-6.15.0.tgz 0ms (cache hit)
663 http cache inherits@https://registry.npmjs.org/inherits/-/inherits-2.0.4.tgz 0ms (cache hit)
664 http cache parseurl@https://registry.npmjs.org/parseurl/-/parseurl-1.3.3.tgz 0ms (cache hit)
665 http cache once@https://registry.npmjs.org/once/-/once-1.4.0.tgz 0ms (cache hit)
666 http cache on-finished@https://registry.npmjs.org/on-finished/-/on-finished-2.4.1.tgz 0ms (cache hit)
667 http cache mime-types@https://registry.npmjs.org/mime-types/-/mime-types-3.0.2.tgz 0ms (cache hit)
668 http cache http-errors@https://registry.npmjs.org/http-errors/-/http-errors-2.0.1.tgz 0ms (cache hit)
669 http cache merge-descriptors@https://registry.npmjs.org/merge-descriptors/-/merge-descriptors-2.0.0.tgz 0ms (cache hit)
670 http cache fresh@https://registry.npmjs.org/fresh/-/fresh-2.0.0.tgz 0ms (cache hit)
671 http cache etag@https://registry.npmjs.org/etag/-/etag-1.8.1.tgz 0ms (cache hit)
672 http cache escape-html@https://registry.npmjs.org/escape-html/-/escape-html-1.0.3.tgz 0ms (cache hit)
673 http cache finalhandler@https://registry.npmjs.org/finalhandler/-/finalhandler-2.1.1.tgz 0ms (cache hit)
674 http cache encodeurl@https://registry.npmjs.org/encodeurl/-/encodeurl-2.0.0.tgz 0ms (cache hit)
675 http cache debug@https://registry.npmjs.org/debug/-/debug-4.4.3.tgz 0ms (cache hit)
676 http cache depd@https://registry.npmjs.org/depd/-/depd-2.0.0.tgz 0ms (cache hit)
677 http cache content-type@https://registry.npmjs.org/content-type/-/content-type-1.0.5.tgz 0ms (cache hit)
678 http cache cookie-signature@https://registry.npmjs.org/cookie-signature/-/cookie-signature-1.2.2.tgz 0ms (cache hit)
679 http cache cookie@https://registry.npmjs.org/cookie/-/cookie-0.7.2.tgz 0ms (cache hit)
680 http cache content-disposition@https://registry.npmjs.org/content-disposition/-/content-disposition-1.0.1.tgz 0ms (cache hit)
681 http cache accepts@https://registry.npmjs.org/accepts/-/accepts-2.0.0.tgz 0ms (cache hit)
682 http cache vary@https://registry.npmjs.org/vary/-/vary-1.1.2.tgz 0ms (cache hit)
683 http cache body-parser@https://registry.npmjs.org/body-parser/-/body-parser-2.2.2.tgz 0ms (cache hit)
684 http cache object-assign@https://registry.npmjs.org/object-assign/-/object-assign-4.1.1.tgz 0ms (cache hit)
685 http cache node-gyp-build@https://registry.npmjs.org/node-gyp-build/-/node-gyp-build-4.8.4.tgz 0ms (cache hit)
686 http cache node-addon-api@https://registry.npmjs.org/node-addon-api/-/node-addon-api-8.5.0.tgz 0ms (cache hit)
687 http cache jsonwebtoken@https://registry.npmjs.org/jsonwebtoken/-/jsonwebtoken-9.0.3.tgz 0ms (cache hit)
688 http cache express@https://registry.npmjs.org/express/-/express-5.2.1.tgz 0ms (cache hit)
689 http cache mongoose@https://registry.npmjs.org/mongoose/-/mongoose-9.2.2.tgz 0ms (cache hit)
690 silly tarball no local data for webidl-conversions@https://registry.npmjs.org/webidl-conversions/-/webidl-conversions-7.0.0.tgz. Extracting by manifest.
691 silly tarball no local data for tr46@https://registry.npmjs.org/tr46/-/tr46-5.1.1.tgz. Extracting by manifest.
692 http cache dotenv@https://registry.npmjs.org/dotenv/-/dotenv-17.3.1.tgz 0ms (cache hit)
693 silly tarball no local data for punycode@https://registry.npmjs.org/punycode/-/punycode-2.3.1.tgz. Extracting by manifest.
694 silly tarball no local data for media-typer@https://registry.npmjs.org/media-typer/-/media-typer-1.1.0.tgz. Extracting by manifest.
695 silly tarball no local data for memory-pager@https://registry.npmjs.org/memory-pager/-/memory-pager-1.5.0.tgz. Extracting by manifest.
696 silly tarball no local data for dunder-proto@https://registry.npmjs.org/dunder-proto/-/dunder-proto-1.0.1.tgz. Extracting by manifest.
697 silly tarball no local data for hasown@https://registry.npmjs.org/hasown/-/hasown-2.0.2.tgz. Extracting by manifest.
698 silly tarball no local data for math-intrinsics@https://registry.npmjs.org/math-intrinsics/-/math-intrinsics-1.1.0.tgz. Extracting by manifest.
699 silly tarball no local data for has-symbols@https://registry.npmjs.org/has-symbols/-/has-symbols-1.1.0.tgz. Extracting by manifest.
700 silly tarball no local data for gopd@https://registry.npmjs.org/gopd/-/gopd-1.2.0.tgz. Extracting by manifest.
701 silly tarball no local data for es-object-atoms@https://registry.npmjs.org/es-object-atoms/-/es-object-atoms-1.1.1.tgz. Extracting by manifest.
702 silly tarball no local data for get-proto@https://registry.npmjs.org/get-proto/-/get-proto-1.0.1.tgz. Extracting by manifest.
703 silly tarball no local data for function-bind@https://registry.npmjs.org/function-bind/-/function-bind-1.1.2.tgz. Extracting by manifest.
704 silly tarball no local data for es-define-property@https://registry.npmjs.org/es-define-property/-/es-define-property-1.0.1.tgz. Extracting by manifest.
705 silly tarball no local data for call-bind-apply-helpers@https://registry.npmjs.org/call-bind-apply-helpers/-/call-bind-apply-helpers-1.0.2.tgz. Extracting by manifest.
706 silly tarball no local data for side-channel-weakmap@https://registry.npmjs.org/side-channel-weakmap/-/side-channel-weakmap-1.0.2.tgz. Extracting by manifest.
707 silly tarball no local data for get-intrinsic@https://registry.npmjs.org/get-intrinsic/-/get-intrinsic-1.3.0.tgz. Extracting by manifest.
708 silly tarball no local data for side-channel-map@https://registry.npmjs.org/side-channel-map/-/side-channel-map-1.0.1.tgz. Extracting by manifest.
709 silly tarball no local data for call-bound@https://registry.npmjs.org/call-bound/-/call-bound-1.0.4.tgz. Extracting by manifest.
710 silly tarball no local data for side-channel-list@https://registry.npmjs.org/side-channel-list/-/side-channel-list-1.0.0.tgz. Extracting by manifest.
711 silly tarball no local data for object-inspect@https://registry.npmjs.org/object-inspect/-/object-inspect-1.13.4.tgz. Extracting by manifest.
712 silly tarball no local data for es-errors@https://registry.npmjs.org/es-errors/-/es-errors-1.3.0.tgz. Extracting by manifest.
713 silly tarball no local data for is-promise@https://registry.npmjs.org/is-promise/-/is-promise-4.0.0.tgz. Extracting by manifest.
714 silly tarball no local data for path-to-regexp@https://registry.npmjs.org/path-to-regexp/-/path-to-regexp-8.3.0.tgz. Extracting by manifest.
715 silly tarball no local data for unpipe@https://registry.npmjs.org/unpipe/-/unpipe-1.0.0.tgz. Extracting by manifest.
716 silly tarball no local data for side-channel@https://registry.npmjs.org/side-channel/-/side-channel-1.1.0.tgz. Extracting by manifest.
717 silly tarball no local data for ipaddr.js@https://registry.npmjs.org/ipaddr.js/-/ipaddr.js-1.9.1.tgz. Extracting by manifest.
718 silly tarball no local data for forwarded@https://registry.npmjs.org/forwarded/-/forwarded-0.2.0.tgz. Extracting by manifest.
719 silly tarball no local data for @types/webidl-conversions@https://registry.npmjs.org/@types/webidl-conversions/-/webidl-conversions-7.0.3.tgz. Extracting by manifest.
720 silly tarball no local data for @types/whatwg-url@https://registry.npmjs.org/@types/whatwg-url/-/whatwg-url-13.0.0.tgz. Extracting by manifest.
721 silly tarball no local data for wrappy@https://registry.npmjs.org/wrappy/-/wrappy-1.0.2.tgz. Extracting by manifest.
722 silly tarball no local data for ee-first@https://registry.npmjs.org/ee-first/-/ee-first-1.1.1.tgz. Extracting by manifest.
723 silly tarball no local data for whatwg-url@https://registry.npmjs.org/whatwg-url/-/whatwg-url-14.2.0.tgz. Extracting by manifest.
724 silly tarball no local data for @mongodb-js/saslprep@https://registry.npmjs.org/@mongodb-js/saslprep/-/saslprep-1.4.6.tgz. Extracting by manifest.
725 silly tarball no local data for sparse-bitfield@https://registry.npmjs.org/sparse-bitfield/-/sparse-bitfield-3.0.3.tgz. Extracting by manifest.
726 silly tarball no local data for mongodb-connection-string-url@https://registry.npmjs.org/mongodb-connection-string-url/-/mongodb-connection-string-url-7.0.1.tgz. Extracting by manifest.
727 silly tarball no local data for bson@https://registry.npmjs.org/bson/-/bson-7.2.0.tgz. Extracting by manifest.
728 silly tarball no local data for mpath@https://registry.npmjs.org/mpath/-/mpath-0.9.0.tgz. Extracting by manifest.
729 silly tarball no local data for mongodb@https://registry.npmjs.org/mongodb/-/mongodb-7.0.0.tgz. Extracting by manifest.
730 silly tarball no local data for sift@https://registry.npmjs.org/sift/-/sift-17.1.3.tgz. Extracting by manifest.
731 silly tarball no local data for mquery@https://registry.npmjs.org/mquery/-/mquery-6.0.0.tgz. Extracting by manifest.
732 silly tarball no local data for kareem@https://registry.npmjs.org/kareem/-/kareem-3.2.0.tgz. Extracting by manifest.
733 silly tarball no local data for ecdsa-sig-formatter@https://registry.npmjs.org/ecdsa-sig-formatter/-/ecdsa-sig-formatter-1.0.11.tgz. Extracting by manifest.
734 silly tarball no local data for mime-db@https://registry.npmjs.org/mime-db/-/mime-db-1.54.0.tgz. Extracting by manifest.
735 silly tarball no local data for safe-buffer@https://registry.npmjs.org/safe-buffer/-/safe-buffer-5.2.1.tgz. Extracting by manifest.
736 silly tarball no local data for buffer-equal-constant-time@https://registry.npmjs.org/buffer-equal-constant-time/-/buffer-equal-constant-time-1.0.1.tgz. Extracting by manifest.
737 silly tarball no local data for lodash.isstring@https://registry.npmjs.org/lodash.isstring/-/lodash.isstring-4.0.1.tgz. Extracting by manifest.
738 silly tarball no local data for jwa@https://registry.npmjs.org/jwa/-/jwa-2.0.1.tgz. Extracting by manifest.
739 silly tarball no local data for semver@https://registry.npmjs.org/semver/-/semver-7.7.4.tgz. Extracting by manifest.
740 silly tarball no local data for lodash.once@https://registry.npmjs.org/lodash.once/-/lodash.once-4.1.1.tgz. Extracting by manifest.
741 silly tarball no local data for lodash.isinteger@https://registry.npmjs.org/lodash.isinteger/-/lodash.isinteger-4.0.4.tgz. Extracting by manifest.
742 silly tarball no local data for lodash.isplainobject@https://registry.npmjs.org/lodash.isplainobject/-/lodash.isplainobject-4.0.6.tgz. Extracting by manifest.
743 silly tarball no local data for lodash.includes@https://registry.npmjs.org/lodash.includes/-/lodash.includes-4.3.0.tgz. Extracting by manifest.
744 silly tarball no local data for lodash.isnumber@https://registry.npmjs.org/lodash.isnumber/-/lodash.isnumber-3.0.3.tgz. Extracting by manifest.
745 silly tarball no local data for safer-buffer@https://registry.npmjs.org/safer-buffer/-/safer-buffer-2.1.2.tgz. Extracting by manifest.
746 silly tarball no local data for lodash.isboolean@https://registry.npmjs.org/lodash.isboolean/-/lodash.isboolean-3.0.3.tgz. Extracting by manifest.
747 silly tarball no local data for jws@https://registry.npmjs.org/jws/-/jws-4.0.1.tgz. Extracting by manifest.
748 silly tarball no local data for toidentifier@https://registry.npmjs.org/toidentifier/-/toidentifier-1.0.1.tgz. Extracting by manifest.
749 silly tarball no local data for setprototypeof@https://registry.npmjs.org/setprototypeof/-/setprototypeof-1.2.0.tgz. Extracting by manifest.
750 silly tarball no local data for ms@https://registry.npmjs.org/ms/-/ms-2.1.3.tgz. Extracting by manifest.
751 silly tarball no local data for raw-body@https://registry.npmjs.org/raw-body/-/raw-body-3.0.2.tgz. Extracting by manifest.
752 silly tarball no local data for iconv-lite@https://registry.npmjs.org/iconv-lite/-/iconv-lite-0.7.2.tgz. Extracting by manifest.
753 silly tarball no local data for bytes@https://registry.npmjs.org/bytes/-/bytes-3.1.2.tgz. Extracting by manifest.
754 silly tarball no local data for negotiator@https://registry.npmjs.org/negotiator/-/negotiator-1.0.0.tgz. Extracting by manifest.
755 silly tarball no local data for type-is@https://registry.npmjs.org/type-is/-/type-is-2.0.1.tgz. Extracting by manifest.
756 silly tarball no local data for statuses@https://registry.npmjs.org/statuses/-/statuses-2.0.2.tgz. Extracting by manifest.
757 silly tarball no local data for send@https://registry.npmjs.org/send/-/send-1.2.1.tgz. Extracting by manifest.
758 silly tarball no local data for router@https://registry.npmjs.org/router/-/router-2.2.0.tgz. Extracting by manifest.
759 silly tarball no local data for serve-static@https://registry.npmjs.org/serve-static/-/serve-static-2.2.1.tgz. Extracting by manifest.
760 silly tarball no local data for range-parser@https://registry.npmjs.org/range-parser/-/range-parser-1.2.1.tgz. Extracting by manifest.
761 silly tarball no local data for proxy-addr@https://registry.npmjs.org/proxy-addr/-/proxy-addr-2.0.7.tgz. Extracting by manifest.
762 silly tarball no local data for qs@https://registry.npmjs.org/qs/-/qs-6.15.0.tgz. Extracting by manifest.
763 silly tarball no local data for inherits@https://registry.npmjs.org/inherits/-/inherits-2.0.4.tgz. Extracting by manifest.
764 silly tarball no local data for parseurl@https://registry.npmjs.org/parseurl/-/parseurl-1.3.3.tgz. Extracting by manifest.
765 silly tarball no local data for once@https://registry.npmjs.org/once/-/once-1.4.0.tgz. Extracting by manifest.
766 silly tarball no local data for on-finished@https://registry.npmjs.org/on-finished/-/on-finished-2.4.1.tgz. Extracting by manifest.
767 silly tarball no local data for mime-types@https://registry.npmjs.org/mime-types/-/mime-types-3.0.2.tgz. Extracting by manifest.
768 silly tarball no local data for http-errors@https://registry.npmjs.org/http-errors/-/http-errors-2.0.1.tgz. Extracting by manifest.
769 silly tarball no local data for merge-descriptors@https://registry.npmjs.org/merge-descriptors/-/merge-descriptors-2.0.0.tgz. Extracting by manifest.
770 silly tarball no local data for fresh@https://registry.npmjs.org/fresh/-/fresh-2.0.0.tgz. Extracting by manifest.
771 silly tarball no local data for etag@https://registry.npmjs.org/etag/-/etag-1.8.1.tgz. Extracting by manifest.
772 silly tarball no local data for escape-html@https://registry.npmjs.org/escape-html/-/escape-html-1.0.3.tgz. Extracting by manifest.
773 silly tarball no local data for finalhandler@https://registry.npmjs.org/finalhandler/-/finalhandler-2.1.1.tgz. Extracting by manifest.
774 silly tarball no local data for encodeurl@https://registry.npmjs.org/encodeurl/-/encodeurl-2.0.0.tgz. Extracting by manifest.
775 silly tarball no local data for debug@https://registry.npmjs.org/debug/-/debug-4.4.3.tgz. Extracting by manifest.
776 silly tarball no local data for depd@https://registry.npmjs.org/depd/-/depd-2.0.0.tgz. Extracting by manifest.
777 silly tarball no local data for content-type@https://registry.npmjs.org/content-type/-/content-type-1.0.5.tgz. Extracting by manifest.
778 silly tarball no local data for cookie-signature@https://registry.npmjs.org/cookie-signature/-/cookie-signature-1.2.2.tgz. Extracting by manifest.
779 silly tarball no local data for cookie@https://registry.npmjs.org/cookie/-/cookie-0.7.2.tgz. Extracting by manifest.
780 silly tarball no local data for content-disposition@https://registry.npmjs.org/content-disposition/-/content-disposition-1.0.1.tgz. Extracting by manifest.
781 silly tarball no local data for accepts@https://registry.npmjs.org/accepts/-/accepts-2.0.0.tgz. Extracting by manifest.
782 silly tarball no local data for vary@https://registry.npmjs.org/vary/-/vary-1.1.2.tgz. Extracting by manifest.
783 silly tarball no local data for body-parser@https://registry.npmjs.org/body-parser/-/body-parser-2.2.2.tgz. Extracting by manifest.
784 silly tarball no local data for object-assign@https://registry.npmjs.org/object-assign/-/object-assign-4.1.1.tgz. Extracting by manifest.
785 silly tarball no local data for node-gyp-build@https://registry.npmjs.org/node-gyp-build/-/node-gyp-build-4.8.4.tgz. Extracting by manifest.
786 silly tarball no local data for node-addon-api@https://registry.npmjs.org/node-addon-api/-/node-addon-api-8.5.0.tgz. Extracting by manifest.
787 silly tarball no local data for jsonwebtoken@https://registry.npmjs.org/jsonwebtoken/-/jsonwebtoken-9.0.3.tgz. Extracting by manifest.
788 silly tarball no local data for express@https://registry.npmjs.org/express/-/express-5.2.1.tgz. Extracting by manifest.
789 silly tarball no local data for mongoose@https://registry.npmjs.org/mongoose/-/mongoose-9.2.2.tgz. Extracting by manifest.
790 http cache bcrypt@https://registry.npmjs.org/bcrypt/-/bcrypt-6.0.0.tgz 0ms (cache hit)
791 http cache cors@https://registry.npmjs.org/cors/-/cors-2.8.6.tgz 0ms (cache hit)
792 silly tarball no local data for dotenv@https://registry.npmjs.org/dotenv/-/dotenv-17.3.1.tgz. Extracting by manifest.
793 silly tarball no local data for bcrypt@https://registry.npmjs.org/bcrypt/-/bcrypt-6.0.0.tgz. Extracting by manifest.
794 silly tarball no local data for cors@https://registry.npmjs.org/cors/-/cors-2.8.6.tgz. Extracting by manifest.
795 http fetch GET 200 https://registry.npmjs.org/media-typer/-/media-typer-1.1.0.tgz 123ms (cache miss)
796 http fetch GET 200 https://registry.npmjs.org/dunder-proto/-/dunder-proto-1.0.1.tgz 146ms (cache miss)
797 http fetch GET 200 https://registry.npmjs.org/memory-pager/-/memory-pager-1.5.0.tgz 151ms (cache miss)
798 http fetch GET 200 https://registry.npmjs.org/punycode/-/punycode-2.3.1.tgz 156ms (cache miss)
799 http fetch GET 200 https://registry.npmjs.org/call-bind-apply-helpers/-/call-bind-apply-helpers-1.0.2.tgz 168ms (cache miss)
800 http fetch GET 200 https://registry.npmjs.org/call-bound/-/call-bound-1.0.4.tgz 181ms (cache miss)
801 http fetch GET 200 https://registry.npmjs.org/webidl-conversions/-/webidl-conversions-7.0.0.tgz 189ms (cache miss)
802 http fetch GET 200 https://registry.npmjs.org/side-channel-list/-/side-channel-list-1.0.0.tgz 196ms (cache miss)
803 http fetch GET 200 https://registry.npmjs.org/tr46/-/tr46-5.1.1.tgz 273ms (cache miss)
804 http fetch GET 200 https://registry.npmjs.org/get-intrinsic/-/get-intrinsic-1.3.0.tgz 321ms (cache miss)
805 http fetch POST 200 https://registry.npmjs.org/-/npm/v1/security/advisories/bulk 380ms
806 silly audit report {}
807 http fetch GET 200 https://registry.npmjs.org/side-channel/-/side-channel-1.1.0.tgz 335ms (cache miss)
808 http fetch GET 200 https://registry.npmjs.org/side-channel-map/-/side-channel-map-1.0.1.tgz 338ms (cache miss)
809 http fetch GET 200 https://registry.npmjs.org/path-to-regexp/-/path-to-regexp-8.3.0.tgz 339ms (cache miss)
810 http fetch GET 200 https://registry.npmjs.org/is-promise/-/is-promise-4.0.0.tgz 361ms (cache miss)
811 http fetch GET 200 https://registry.npmjs.org/unpipe/-/unpipe-1.0.0.tgz 365ms (cache miss)
812 http fetch GET 200 https://registry.npmjs.org/side-channel-weakmap/-/side-channel-weakmap-1.0.2.tgz 369ms (cache miss)
813 http fetch GET 200 https://registry.npmjs.org/forwarded/-/forwarded-0.2.0.tgz 369ms (cache miss)
814 http fetch GET 200 https://registry.npmjs.org/ipaddr.js/-/ipaddr.js-1.9.1.tgz 374ms (cache miss)
815 http fetch GET 200 https://registry.npmjs.org/wrappy/-/wrappy-1.0.2.tgz 394ms (cache miss)
816 http fetch GET 200 https://registry.npmjs.org/es-errors/-/es-errors-1.3.0.tgz 431ms (cache miss)
817 http fetch GET 200 https://registry.npmjs.org/@types/whatwg-url/-/whatwg-url-13.0.0.tgz 432ms (cache miss)
818 http fetch GET 200 https://registry.npmjs.org/ee-first/-/ee-first-1.1.1.tgz 442ms (cache miss)
819 http fetch GET 200 https://registry.npmjs.org/hasown/-/hasown-2.0.2.tgz 452ms (cache miss)
820 http fetch GET 200 https://registry.npmjs.org/get-proto/-/get-proto-1.0.1.tgz 501ms (cache miss)
821 http fetch GET 200 https://registry.npmjs.org/es-define-property/-/es-define-property-1.0.1.tgz 501ms (cache miss)
822 http fetch GET 200 https://registry.npmjs.org/has-symbols/-/has-symbols-1.1.0.tgz 519ms (cache miss)
823 http fetch GET 200 https://registry.npmjs.org/es-object-atoms/-/es-object-atoms-1.1.1.tgz 531ms (cache miss)
824 http fetch GET 200 https://registry.npmjs.org/sparse-bitfield/-/sparse-bitfield-3.0.3.tgz 531ms (cache miss)
825 http fetch GET 200 https://registry.npmjs.org/gopd/-/gopd-1.2.0.tgz 553ms (cache miss)
826 http fetch GET 200 https://registry.npmjs.org/mongodb-connection-string-url/-/mongodb-connection-string-url-7.0.1.tgz 551ms (cache miss)
827 http fetch GET 200 https://registry.npmjs.org/function-bind/-/function-bind-1.1.2.tgz 563ms (cache miss)
828 http fetch GET 200 https://registry.npmjs.org/object-inspect/-/object-inspect-1.13.4.tgz 570ms (cache miss)
829 http fetch GET 200 https://registry.npmjs.org/math-intrinsics/-/math-intrinsics-1.1.0.tgz 574ms (cache miss)
830 http fetch GET 200 https://registry.npmjs.org/whatwg-url/-/whatwg-url-14.2.0.tgz 572ms (cache miss)
831 http fetch GET 200 https://registry.npmjs.org/@types/webidl-conversions/-/webidl-conversions-7.0.3.tgz 599ms (cache miss)
832 http fetch GET 200 https://registry.npmjs.org/lodash.once/-/lodash.once-4.1.1.tgz 673ms (cache miss)
833 http fetch GET 200 https://registry.npmjs.org/lodash.isplainobject/-/lodash.isplainobject-4.0.6.tgz 677ms (cache miss)
834 http fetch GET 200 https://registry.npmjs.org/mpath/-/mpath-0.9.0.tgz 724ms (cache miss)
835 http fetch GET 200 https://registry.npmjs.org/lodash.includes/-/lodash.includes-4.3.0.tgz 721ms (cache miss)
836 http fetch GET 200 https://registry.npmjs.org/@mongodb-js/saslprep/-/saslprep-1.4.6.tgz 748ms (cache miss)
837 http fetch GET 200 https://registry.npmjs.org/safer-buffer/-/safer-buffer-2.1.2.tgz 750ms (cache miss)
838 http fetch GET 200 https://registry.npmjs.org/lodash.isboolean/-/lodash.isboolean-3.0.3.tgz 778ms (cache miss)
839 http fetch GET 200 https://registry.npmjs.org/jws/-/jws-4.0.1.tgz 814ms (cache miss)
840 http fetch GET 200 https://registry.npmjs.org/toidentifier/-/toidentifier-1.0.1.tgz 848ms (cache miss)
841 http fetch GET 200 https://registry.npmjs.org/setprototypeof/-/setprototypeof-1.2.0.tgz 879ms (cache miss)
842 http fetch GET 200 https://registry.npmjs.org/ms/-/ms-2.1.3.tgz 911ms (cache miss)
843 http fetch GET 200 https://registry.npmjs.org/mquery/-/mquery-6.0.0.tgz 943ms (cache miss)
844 http fetch GET 200 https://registry.npmjs.org/raw-body/-/raw-body-3.0.2.tgz 944ms (cache miss)
845 http fetch GET 200 https://registry.npmjs.org/bytes/-/bytes-3.1.2.tgz 974ms (cache miss)
846 http fetch GET 200 https://registry.npmjs.org/negotiator/-/negotiator-1.0.0.tgz 1062ms (cache miss)
847 http fetch GET 200 https://registry.npmjs.org/type-is/-/type-is-2.0.1.tgz 1102ms (cache miss)
848 http fetch GET 200 https://registry.npmjs.org/ecdsa-sig-formatter/-/ecdsa-sig-formatter-1.0.11.tgz 1147ms (cache miss)
849 http fetch GET 200 https://registry.npmjs.org/sift/-/sift-17.1.3.tgz 1152ms (cache miss)
850 http fetch GET 200 https://registry.npmjs.org/statuses/-/statuses-2.0.2.tgz 1155ms (cache miss)
851 http fetch GET 200 https://registry.npmjs.org/kareem/-/kareem-3.2.0.tgz 1213ms (cache miss)
852 http fetch GET 200 https://registry.npmjs.org/serve-static/-/serve-static-2.2.1.tgz 1211ms (cache miss)
853 http fetch GET 200 https://registry.npmjs.org/mime-db/-/mime-db-1.54.0.tgz 1237ms (cache miss)
854 http fetch GET 200 https://registry.npmjs.org/safe-buffer/-/safe-buffer-5.2.1.tgz 1256ms (cache miss)
855 http fetch GET 200 https://registry.npmjs.org/proxy-addr/-/proxy-addr-2.0.7.tgz 1253ms (cache miss)
856 http fetch GET 200 https://registry.npmjs.org/lodash.isstring/-/lodash.isstring-4.0.1.tgz 1311ms (cache miss)
857 http fetch GET 200 https://registry.npmjs.org/parseurl/-/parseurl-1.3.3.tgz 1304ms (cache miss)
858 http fetch GET 200 https://registry.npmjs.org/jwa/-/jwa-2.0.1.tgz 1322ms (cache miss)
859 http fetch GET 200 https://registry.npmjs.org/buffer-equal-constant-time/-/buffer-equal-constant-time-1.0.1.tgz 1324ms (cache miss)
860 http fetch GET 200 https://registry.npmjs.org/mime-types/-/mime-types-3.0.2.tgz 1319ms (cache miss)
861 http fetch GET 200 https://registry.npmjs.org/merge-descriptors/-/merge-descriptors-2.0.0.tgz 1347ms (cache miss)
862 http fetch GET 200 https://registry.npmjs.org/lodash.isinteger/-/lodash.isinteger-4.0.4.tgz 1385ms (cache miss)
863 http fetch GET 200 https://registry.npmjs.org/etag/-/etag-1.8.1.tgz 1381ms (cache miss)
864 http fetch GET 200 https://registry.npmjs.org/semver/-/semver-7.7.4.tgz 1412ms (cache miss)
865 http fetch GET 200 https://registry.npmjs.org/finalhandler/-/finalhandler-2.1.1.tgz 1417ms (cache miss)
866 http fetch GET 200 https://registry.npmjs.org/lodash.isnumber/-/lodash.isnumber-3.0.3.tgz 1463ms (cache miss)
867 http fetch GET 200 https://registry.npmjs.org/encodeurl/-/encodeurl-2.0.0.tgz 1459ms (cache miss)
868 http fetch GET 200 https://registry.npmjs.org/depd/-/depd-2.0.0.tgz 1498ms (cache miss)
869 http fetch GET 200 https://registry.npmjs.org/content-type/-/content-type-1.0.5.tgz 1520ms (cache miss)
870 http fetch GET 200 https://registry.npmjs.org/cookie-signature/-/cookie-signature-1.2.2.tgz 1562ms (cache miss)
871 http fetch GET 200 https://registry.npmjs.org/cookie/-/cookie-0.7.2.tgz 1589ms (cache miss)
872 http fetch GET 200 https://registry.npmjs.org/content-disposition/-/content-disposition-1.0.1.tgz 1626ms (cache miss)
873 http fetch GET 200 https://registry.npmjs.org/accepts/-/accepts-2.0.0.tgz 1655ms (cache miss)
874 http fetch GET 200 https://registry.npmjs.org/vary/-/vary-1.1.2.tgz 1686ms (cache miss)
875 http fetch GET 200 https://registry.npmjs.org/body-parser/-/body-parser-2.2.2.tgz 1729ms (cache miss)
876 http fetch GET 200 https://registry.npmjs.org/object-assign/-/object-assign-4.1.1.tgz 1749ms (cache miss)
877 http fetch GET 200 https://registry.npmjs.org/router/-/router-2.2.0.tgz 1795ms (cache miss)
878 http fetch GET 200 https://registry.npmjs.org/node-gyp-build/-/node-gyp-build-4.8.4.tgz 1793ms (cache miss)
879 http fetch GET 200 https://registry.npmjs.org/range-parser/-/range-parser-1.2.1.tgz 1810ms (cache miss)
880 http fetch GET 200 https://registry.npmjs.org/inherits/-/inherits-2.0.4.tgz 1826ms (cache miss)
881 http fetch GET 200 https://registry.npmjs.org/jsonwebtoken/-/jsonwebtoken-9.0.3.tgz 1831ms (cache miss)
882 http fetch GET 200 https://registry.npmjs.org/dotenv/-/dotenv-17.3.1.tgz 1872ms (cache miss)
883 http fetch GET 200 https://registry.npmjs.org/qs/-/qs-6.15.0.tgz 1911ms (cache miss)
884 http fetch GET 200 https://registry.npmjs.org/once/-/once-1.4.0.tgz 1968ms (cache miss)
885 http fetch GET 200 https://registry.npmjs.org/http-errors/-/http-errors-2.0.1.tgz 2047ms (cache miss)
886 http fetch GET 200 https://registry.npmjs.org/fresh/-/fresh-2.0.0.tgz 2135ms (cache miss)
887 http fetch GET 200 https://registry.npmjs.org/bcrypt/-/bcrypt-6.0.0.tgz 2146ms (cache miss)
888 http fetch GET 200 https://registry.npmjs.org/escape-html/-/escape-html-1.0.3.tgz 2220ms (cache miss)
889 http fetch GET 200 https://registry.npmjs.org/on-finished/-/on-finished-2.4.1.tgz 2267ms (cache miss)
890 http fetch GET 200 https://registry.npmjs.org/debug/-/debug-4.4.3.tgz 2281ms (cache miss)
891 http fetch GET 200 https://registry.npmjs.org/send/-/send-1.2.1.tgz 2443ms (cache miss)
892 http fetch GET 200 https://registry.npmjs.org/node-addon-api/-/node-addon-api-8.5.0.tgz 2524ms (cache miss)
893 http fetch GET 200 https://registry.npmjs.org/express/-/express-5.2.1.tgz 2549ms (cache miss)
894 http fetch GET 200 https://registry.npmjs.org/cors/-/cors-2.8.6.tgz 2637ms (cache miss)
895 http fetch GET 200 https://registry.npmjs.org/iconv-lite/-/iconv-lite-0.7.2.tgz 2920ms (cache miss)
896 http fetch GET 200 https://registry.npmjs.org/bson/-/bson-7.2.0.tgz 3787ms (cache miss)
897 http fetch GET 200 https://registry.npmjs.org/mongoose/-/mongoose-9.2.2.tgz 4311ms (cache miss)
898 http fetch GET 200 https://registry.npmjs.org/mongodb/-/mongodb-7.0.0.tgz 4944ms (cache miss)
899 info run bcrypt@6.0.0 install node_modules/bcrypt node-gyp-build
900 info run bcrypt@6.0.0 install { code: 0, signal: null }
901 silly ADD node_modules/punycode
902 silly ADD node_modules/webidl-conversions
903 silly ADD node_modules/tr46
904 silly ADD node_modules/media-typer
905 silly ADD node_modules/memory-pager
906 silly ADD node_modules/dunder-proto
907 silly ADD node_modules/math-intrinsics
908 silly ADD node_modules/hasown
909 silly ADD node_modules/has-symbols
910 silly ADD node_modules/gopd
911 silly ADD node_modules/get-proto
912 silly ADD node_modules/es-object-atoms
913 silly ADD node_modules/es-define-property
914 silly ADD node_modules/function-bind
915 silly ADD node_modules/call-bind-apply-helpers
916 silly ADD node_modules/get-intrinsic
917 silly ADD node_modules/call-bound
918 silly ADD node_modules/side-channel-weakmap
919 silly ADD node_modules/side-channel-map
920 silly ADD node_modules/side-channel-list
921 silly ADD node_modules/object-inspect
922 silly ADD node_modules/es-errors
923 silly ADD node_modules/path-to-regexp
924 silly ADD node_modules/is-promise
925 silly ADD node_modules/unpipe
926 silly ADD node_modules/side-channel
927 silly ADD node_modules/ipaddr.js
928 silly ADD node_modules/forwarded
929 silly ADD node_modules/wrappy
930 silly ADD node_modules/ee-first
931 silly ADD node_modules/@types/webidl-conversions
932 silly ADD node_modules/whatwg-url
933 silly ADD node_modules/@types/whatwg-url
934 silly ADD node_modules/sparse-bitfield
935 silly ADD node_modules/mongodb-connection-string-url
936 silly ADD node_modules/bson
937 silly ADD node_modules/@mongodb-js/saslprep
938 silly ADD node_modules/sift
939 silly ADD node_modules/mquery
940 silly ADD node_modules/mpath
941 silly ADD node_modules/mongodb
942 silly ADD node_modules/kareem
943 silly ADD node_modules/mime-db
944 silly ADD node_modules/ecdsa-sig-formatter
945 silly ADD node_modules/buffer-equal-constant-time
946 silly ADD node_modules/safe-buffer
947 silly ADD node_modules/jwa
948 silly ADD node_modules/semver
949 silly ADD node_modules/lodash.once
950 silly ADD node_modules/lodash.isstring
951 silly ADD node_modules/lodash.isplainobject
952 silly ADD node_modules/lodash.isnumber
953 silly ADD node_modules/lodash.isinteger
954 silly ADD node_modules/lodash.isboolean
955 silly ADD node_modules/lodash.includes
956 silly ADD node_modules/jws
957 silly ADD node_modules/safer-buffer
958 silly ADD node_modules/toidentifier
959 silly ADD node_modules/setprototypeof
960 silly ADD node_modules/inherits
961 silly ADD node_modules/ms
962 silly ADD node_modules/raw-body
963 silly ADD node_modules/iconv-lite
964 silly ADD node_modules/bytes
965 silly ADD node_modules/negotiator
966 silly ADD node_modules/type-is
967 silly ADD node_modules/statuses
968 silly ADD node_modules/serve-static
969 silly ADD node_modules/send
970 silly ADD node_modules/router
971 silly ADD node_modules/range-parser
972 silly ADD node_modules/qs
973 silly ADD node_modules/proxy-addr
974 silly ADD node_modules/parseurl
975 silly ADD node_modules/once
976 silly ADD node_modules/on-finished
977 silly ADD node_modules/mime-types
978 silly ADD node_modules/merge-descriptors
979 silly ADD node_modules/http-errors
980 silly ADD node_modules/fresh
981 silly ADD node_modules/finalhandler
982 silly ADD node_modules/etag
983 silly ADD node_modules/escape-html
984 silly ADD node_modules/encodeurl
985 silly ADD node_modules/depd
986 silly ADD node_modules/debug
987 silly ADD node_modules/cookie-signature
988 silly ADD node_modules/cookie
989 silly ADD node_modules/content-type
990 silly ADD node_modules/content-disposition
991 silly ADD node_modules/body-parser
992 silly ADD node_modules/accepts
993 silly ADD node_modules/vary
994 silly ADD node_modules/object-assign
995 silly ADD node_modules/node-gyp-build
996 silly ADD node_modules/node-addon-api
997 silly ADD node_modules/mongoose
998 silly ADD node_modules/jsonwebtoken
999 silly ADD node_modules/express
1000 silly ADD node_modules/dotenv
1001 silly ADD node_modules/cors
1002 silly ADD node_modules/bcrypt
1003 verbose cwd E:\project\harithakarmasena\backend
1004 verbose os Windows_NT 10.0.26200
1005 verbose node v24.13.1
1006 verbose npm  v11.8.0
1007 notice
1007 notice New [33mminor[39m version of npm available! [33m11.8.0[39m -> [34m11.10.1[39m
1007 notice Changelog: [34mhttps://github.com/npm/cli/releases/tag/v11.10.1[39m
1007 notice To update run: [4mnpm install -g npm@11.10.1[24m
1007 notice  { force: true, Symbol(proc-log.meta): true }
1008 verbose exit 0
1009 info ok
